nohup: Eingabe wird ignoriert
Subsetting datasets
Calculating distance matrix
Clustering
Getting clusters
Going through 9991 clusters
Time required for calculating scores for each cluster (not parallelized): 8195.094436634972
nohup: Eingabe wird ignoriert
nohup: Eingabe wird ignoriert
Subsetting datasets
Calculating distance matrix
Clustering
Getting clusters
Traceback (most recent call last):
  File "/home/mi/sommereg03/bsc_thesis_pGRiNS/pgrins_narrow_params.py", line 354, in <module>
    main(grn_file, adata_file=adata_file, pert_file=pert_file, **kwargs)
    ~~~~^^^^^^^^^^^^^^^^^^^^^^^^^^^^^^^^^^^^^^^^^^^^^^^^^^^^^^^^^^^^^^^^
  File "/home/mi/sommereg03/bsc_thesis_pGRiNS/pgrins_narrow_params.py", line 306, in main
    dist_matrix, heights, clusterings = calc_clusters(grins_matrix,num_processes=num_processes,clustering_method=clustering_method,sample_clusterings=sample_clusterings)
                                        ~~~~~~~~~~~~~^^^^^^^^^^^^^^^^^^^^^^^^^^^^^^^^^^^^^^^^^^^^^^^^^^^^^^^^^^^^^^^^^^^^^^^^^^^^^^^^^^^^^^^^^^^^^^^^^^^^^^^^^^^^^^^^^^^^
  File "/home/mi/sommereg03/bsc_thesis_pGRiNS/pgrins_narrow_params.py", line 120, in calc_clusters
    if num_processs > 1:
       ^^^^^^^^^^^^
NameError: name 'num_processs' is not defined. Did you mean: 'num_processes'?
nohup: Eingabe wird ignoriert
Subsetting datasets
Calculating distance matrix
Clustering
Getting clusters
Going through 998 clusters
Time required for calculating scores for each cluster (not parallelized): 6.645202797022648
nohup: Eingabe wird ignoriert
Subsetting datasets
Calculating distance matrix
Clustering
Getting clusters
Going through 9998 clusters
Time required for calculating scores for each cluster (not parallelized): 235.85626172902994
