nohup: Eingabe wird ignoriert
********** A: Prepare data: **********
********** B1: Run unperturbed GRiNS: **********
RACIPE:
Running ctrl with 1 replicates, 1000 parameters, 100 initial conditions, a batch size of 10000 and 10000 steps.
********** C1: Create unperturbed adata object: **********
Read Data/SimulResults_Racipe/KeggoRo_final_2205/001/KeggoRo_final_2205_steadystate_solutions_001...
Reading h5ad file...
********** D1: Get best control cells: **********
********** B2: Run perturbed GRiNS: **********
RACIPE:
Running pert with 1000 cells for 75 perturbation sets, a batch size of 1000 and 2048 steps.
Loading ODE system from: Data/SimulResults_Racipe/KeggoRo_final_2205
    Pert_ACTB  Pert_BAK1  Pert_BAP1  ...  Pert_ZNF207  Pert_ZNF318  PertNum
0         1.0      100.0        1.0  ...         1.00          1.0        0
1         1.0      100.0        1.0  ...         1.00          1.0        1
2         1.0      100.0        1.0  ...         1.00          1.0        2
3         1.0        1.0        1.0  ...         1.00          1.0        3
4         1.0        1.0        1.0  ...         1.00          1.0        4
..        ...        ...        ...  ...          ...          ...      ...
70        1.0        1.0        1.0  ...         1.00          1.0       70
71        1.0        1.0        1.0  ...         1.00          1.0       71
72        1.0        1.0        1.0  ...         1.00          1.0       72
73        1.0        1.0        1.0  ...         1.00          1.0       73
74        1.0        1.0        1.0  ...         0.01          1.0       74

[75 rows x 69 columns]
Number of combinations to simulate: 75000
Running steady state simulations for replicate: 001
  0%|          | 0/75 [00:00<?, ?it/s]