nohup: Eingabe wird ignoriert
********** A: Prepare data: **********
.topo files ['dorothea_abcd', 'kegg'] are turned into KeggoRo_final
Experimental perturb seq datasets used: ['Norman19', 'Replogle22']
Reading file:  Data/Experimental/Norman19/perturb_norm.h5ad
Reading file:  Data/Experimental/Replogle22/perturb_norm.h5ad
Created subset adata files...
['ARID1A'] [True]
['BCORL1'] [False]
['FOSB'] [False]
['KLF1', 'SET'] [True, True]
['OSR2'] [False]
['BAK1', 'KLF1'] [True, True]
['FOXA3', 'FOXL2'] [False, True]
['IRF1', 'SET'] [False, True]
['IGDCC3', 'MAPK1'] [False, True]
['UBASH3B'] [False]
['CBL', 'PTPN12'] [True, True]
['MAP2K6'] [False]
['PTPN12', 'SAMD1'] [True, False]
['UBASH3A'] [False]
['IER5L', 'LYL1'] [False, True]
['CDKN1A', 'CDKN1C'] [False, True]
['AHR', 'FEV'] [False, False]
['LHX1'] [False]
['FOXA3'] [False]
['SGK1', 'TBX3'] [False, False]
['C3orf72', 'FOXL2'] [False, True]
['PRTG', 'TGFBR2'] [False, False]
['CDKN1A'] [False]
['HOXB9'] [True]
['ctrl'] [False]
['CSRNP1'] [False]
['ISL2'] [False]
['MAP2K3', 'MAP2K6'] [False, False]
['CDKN1C'] [True]
['MAP7D1'] [True]
['CBL', 'TGFBR2'] [True, False]
['IKZF3', 'MAPK1'] [True, True]
['PTPN12', 'SNAI1'] [True, False]
['ELMSAN1', 'LHX1'] [False, False]
['FOXA3', 'FOXF1'] [False, False]
['CEBPB', 'PTPN12'] [True, True]
['PTPN1'] [True]
['ZBTB25'] [False]
['MAPK1', 'PRTG'] [True, False]
['SET'] [True]
['IKZF3', 'MAP2K3'] [True, False]
['DUSP9', 'PRTG'] [False, False]
['COL2A1', 'KLF1'] [True, True]
['KLF1', 'TGFBR2'] [True, False]
['CNN1'] [True]
['SAMD1'] [False]
['MAML2'] [False]
['SNAI1', 'ZBTB10'] [False, True]
['KLF1', 'MAP2K6'] [True, False]
['BAK1'] [True]
['HOXC13', 'ZC3HAV1'] [True, True]
['IER5L'] [False]
['DLX2'] [False]
['CDKN1B'] [True]
['RREB1'] [True]
['CELF2'] [True]
['HNF4A'] [False]
['ETS2'] [True]
['CBL', 'PTPN9'] [True, True]
['COL1A1'] [False]
['SLC6A9'] [False]
['KIF18B', 'KIF2C'] [True, True]
['CEBPE', 'RUNX1T1'] [False, False]
['PTPN9'] [True]
['FOSB', 'UBASH3B'] [False, False]
['ELMSAN1', 'MAP2K3'] [False, False]
['ETS2', 'MAP7D1'] [True, True]
['TBX2'] [False]
['PRTG'] [False]
['UBASH3A', 'UBASH3B'] [False, False]
['CDKN1B', 'CDKN1C'] [True, True]
['IGDCC3', 'ZBTB25'] [False, False]
['KLF1'] [True]
['SPI1'] [True]
['RUNX1T1'] [False]
['FOSB', 'OSR2'] [False, False]
['CNNM4'] [False]
['PLK4'] [True]
['TBX3'] [False]
['CLDN6'] [True]
['CBFA2T3'] [True]
['BPGM'] [True]
['KIF18B'] [True]
['BCL2L11'] [True]
['CEBPE', 'ZC3HAV1'] [False, True]
['PTPN12', 'ZBTB25'] [True, False]
['TBX2', 'TBX3'] [False, False]
['CEBPE'] [False]
['CNN1', 'MAPK1'] [True, True]
['TMSB4X'] [True]
['BPGM', 'SAMD1'] [True, False]
['ZC3HAV1'] [True]
['IGDCC3'] [False]
['ELMSAN1'] [False]
['CNN1', 'ETS2'] [True, True]
['CITED1'] [False]
['CEBPE', 'KLF1'] [False, True]
['FOXA1'] [False]
['FOXA1', 'FOXA3'] [False, False]
['TSC22D1'] [True]
['ETS2', 'PRTG'] [True, False]
['HOXA13'] [False]
['TGFBR2'] [False]
['PTPN12', 'PTPN9'] [True, True]
['ZNF318'] [True]
['MAPK1'] [True]
['FOXA1', 'HOXB9'] [False, True]
['TP73'] [False]
['C19orf26'] [False]
['IRF1'] [False]
['PTPN12', 'ZBTB10'] [True, True]
['ETS2', 'TGFBR2'] [True, False]
['CEBPE', 'PTPN12'] [False, True]
['PTPN12'] [True]
['SNAI1'] [False]
['MAP4K3'] [True]
['MAP2K3'] [False]
['GLB1L2'] [False]
['STIL'] [True]
['KIAA1804'] [False]
['CEBPA', 'CEBPB'] [False, True]
['ELMSAN1', 'MAP2K6'] [False, False]
['CEBPE', 'SPI1'] [False, True]
['KIF2C'] [True]
['RHOXF2', 'SET'] [False, True]
['CEBPB', 'LYL1'] [True, True]
['IGDCC3', 'PRTG'] [False, False]
['MEIS1'] [False]
['CEBPB', 'MAPK1'] [True, True]
['BAK1', 'TMSB4X'] [True, True]
['FOXF1'] [False]
['DLX2', 'SNAI1'] [False, False]
['CBL', 'CNN1'] [True, True]
['MAP4K5'] [True]
['CEBPE', 'CNN1'] [False, True]
['ARRDC3'] [False]
['CBL', 'UBASH3B'] [True, False]
['CDKN1A', 'CDKN1B'] [False, True]
['SLC38A2'] [True]
['BAK1', 'BCL2L11'] [True, True]
['SGK1', 'TBX2'] [False, False]
['COL2A1'] [True]
['FOSB', 'PTPN12'] [False, True]
['PTPN12', 'UBASH3A'] [True, False]
['SLC4A1'] [False]
['CEBPA', 'KLF1'] [False, True]
['MIDN'] [True]
['CEBPB'] [True]
['CEBPE', 'SET'] [False, True]
['MAP2K3', 'SLC38A2'] [False, True]
['CBL'] [True]
['OSR2', 'UBASH3B'] [False, False]
['PRDM1'] [False]
['IKZF3'] [True]
['CNN1', 'UBASH3B'] [True, False]
['MAP2K6', 'SPI1'] [False, True]
['ETS2', 'IGDCC3'] [True, False]
['DUSP9', 'IGDCC3'] [False, False]
['KMT2A'] [True]
['S1PR2', 'SGK1'] [False, False]
['ETS2', 'IKZF3'] [True, True]
['DUSP9', 'SNAI1'] [False, False]
['S1PR2'] [False]
['FOXL2'] [True]
['CEBPB', 'CEBPE'] [True, False]
['MAPK1', 'TGFBR2'] [True, False]
['ATL1'] [False]
['BPGM', 'ZBTB1'] [True, False]
['CKS1B'] [True]
['RHOXF2'] [False]
['FOXA1', 'KLF1'] [False, True]
['AHR', 'KLF1'] [False, True]
['UBASH3B', 'ZBTB25'] [False, False]
['PTPN13'] [False]
['FOXA3', 'HOXB9'] [False, True]
['CEBPA', 'CEBPE'] [False, False]
['HOXC13'] [True]
['DUSP9', 'MAPK1'] [False, True]
['BCL2L11', 'TGFBR2'] [True, False]
['CEBPE', 'ETS2'] [False, True]
['SAMD1', 'ZBTB1'] [False, False]
['HK2'] [True]
['FOXL2', 'HOXB9'] [True, True]
['DUSP9', 'KLF1'] [False, True]
['C3orf72'] [False]
['CEBPA'] [False]
['FEV', 'MAP7D1'] [False, True]
['EGR1'] [True]
['AHR'] [False]
['LYL1'] [True]
['FEV'] [False]
['RHOXF2', 'ZBTB25'] [False, False]
['PTPN9', 'UBASH3B'] [True, False]
['FOXF1', 'HOXB9'] [False, True]
['C19orf26', 'TGFBR2'] [False, False]
['ZBTB1'] [False]
['OSR2', 'PTPN12'] [False, True]
['PTPN12', 'UBASH3B'] [True, False]
['FOSB', 'IKZF3'] [False, True]
['DUSP9'] [False]
['NCL'] [True]
['CEBPA', 'ZC3HAV1'] [False, True]
['IKZF3', 'MAP2K6'] [True, False]
['FOXL2', 'ZNF318'] [True, True]
['CNN1', 'UBASH3A'] [True, False]
['IGDCC3', 'TGFBR2'] [False, False]
['SNAI1', 'UBASH3B'] [False, False]
['FOXA1', 'FOXF1'] [False, False]
['ELMSAN1', 'ZBTB10'] [False, True]
['SGK1'] [False]
['FOXL2', 'MEIS1'] [True, False]
['NIT1'] [True]
['ZBTB10'] [True]
['CEBPE', 'FOSB'] [False, False]
['FOXA1', 'FOXL2'] [False, True]
['CBFA2T3', 'POU3F2'] [True, False]
['POU3F2'] [False]
['CLDN6', 'KLF1'] [True, True]
['FOXO4'] [False]
['ETS2', 'MAPK1'] [True, True]
['FEV', 'ISL2'] [False, False]
['FOXL2', 'POU3F2'] [True, False]
['HES7'] [False]
['PLK4', 'STIL'] [True, True]
['CBL', 'UBASH3A'] [True, False]
['DUSP9', 'ETS2'] [False, True]
['FOXF1', 'FOXL2'] [False, True]
['SAMD1', 'UBASH3B'] [False, False]
['CEBPA', 'JUN'] [False, True]
['CEBPB', 'JUN'] [True, True]
['JUN'] [True]
['CEBPB', 'OSR2'] [True, False]
['SAMD1', 'TGFBR2'] [False, False]
['CBFA2T3', 'PRDM1'] [True, False]
['CEBPB', 'FOSB'] [True, False]
['DLX2', 'ZBTB10'] [False, True]
['CBFA2T3', 'FEV'] [True, False]
(22652, 4146)
Save subset of Norman19...
['RPL10A'] [True]
['NUP98'] [True]
['RRM2'] [True]
['MRPS14'] [False]
['RPL5'] [True]
['RPL31'] [False]
['CKAP5'] [True]
['LSG1'] [False]
['SFSWAP'] [True]
['TRRAP'] [True]
['PSTK'] [False]
['HSPA9'] [True]
['NOP16'] [False]
['POLA1'] [True]
['MRPS28'] [True]
['U2SURP'] [True]
['GFER'] [True]
['ZMAT2'] [False]
['PMPCB'] [True]
['RPS13'] [True]
['BCAS2'] [False]
['RPS26'] [True]
['MAK16'] [False]
['GRPEL1'] [False]
['EIF3A'] [True]
['ctrl'] [False]
['NIP7'] [False]
['RPS19'] [True]
['KRR1'] [True]
['INTS8'] [False]
['DYNC1I2'] [True]
['TSR2'] [False]
['ARGLU1'] [False]
['COG2'] [False]
['CDK11A'] [True]
['DNM1L'] [True]
['SPCS2'] [False]
['RPL3'] [True]
['SLC39A9'] [True]
['RPLP2'] [False]
['PPIE'] [False]
['CRNKL1'] [False]
['XPO1'] [True]
['PSMD7'] [False]
['RPS14'] [True]
['RPL17'] [False]
['NAA38'] [True]
['RTCB'] [False]
['RPL21'] [False]
['CNN2'] [False]
['RPS28'] [False]
['CDK1'] [True]
['USP39'] [True]
['CHEK1'] [True]
['U2AF1'] [False]
['NOL6'] [False]
['SF3A2'] [True]
['DDX47'] [False]
['FBL'] [False]
['DHFR'] [True]
['AAAS'] [False]
['CCND1'] [False]
['SLC25A10'] [True]
['LSM5'] [False]
['RPL7'] [True]
['NSUN4'] [True]
['TIMM23B'] [False]
['BUB1'] [True]
['POLR1B'] [True]
['ASF1B'] [True]
['HSPA5'] [True]
['RPL24'] [False]
['ZNF574'] [True]
['TOMM22'] [True]
['RPS24'] [True]
['DNAJC19'] [False]
['LSM6'] [False]
['WBP11'] [True]
['PLRG1'] [False]
['RPL19'] [True]
['WDR12'] [True]
['NOP2'] [False]
['HIRA'] [True]
['EIF3M'] [True]
['PSMB5'] [False]
['PSMB7'] [True]
['HAUS4'] [False]
['KIF11'] [False]
['RPL32'] [True]
['PRELID3B'] [False]
['RCL1'] [True]
['MAT2A'] [True]
['RPL34'] [False]
['DONSON'] [False]
['RPL36'] [False]
['PHB2'] [True]
['ARCN1'] [False]
['RIOK1'] [True]
['EBNA1BP2'] [False]
['EGLN2'] [True]
['RPL4'] [False]
['INTS1'] [False]
['NMD3'] [False]
['ZNF317'] [True]
['ACTR8'] [False]
['ALG13'] [False]
['AATF'] [False]
['POLR1A'] [True]
['RPL23A'] [True]
['RPF2'] [False]
['RPS15A'] [True]
['RPL30'] [False]
['POLR3B'] [False]
['RPS7'] [True]
['LETM1'] [False]
['DDX23'] [False]
['UBE2M'] [True]
['MCM10'] [True]
['DDX56'] [False]
['SNRNP27'] [True]
['TBCE'] [False]
['ACTR1A'] [True]
['PHB'] [True]
['EIF3H'] [True]
['ATF5'] [True]
['PFN1'] [False]
['RRS1'] [False]
['AKIRIN2'] [True]
['EEF2'] [True]
['MRPS31'] [False]
['RPS11'] [False]
['TPX2'] [False]
['POLR2F'] [False]
['RPS20'] [True]
['FASTKD5'] [False]
['FAM32A'] [False]
['PPARGC1B'] [True]
['SYF2'] [False]
['ACD'] [True]
['CCDC86'] [False]
['FCF1'] [False]
['KRT10'] [False]
['TLN1'] [True]
['RPL26'] [True]
['CWF19L2'] [False]
['ATP6V1E1'] [False]
['CUL2'] [False]
['RBM39'] [True]
['RFC3'] [True]
['SURF6'] [True]
['EIF4G1'] [False]
['RPL27A'] [True]
['HEATR1'] [True]
['MFAP1'] [True]
['KANSL3'] [False]
['MRPS24'] [True]
['BCAR1'] [True]
['TMA16'] [False]
['SPDYE2'] [False]
['UTP15'] [False]
['INTS2'] [False]
['CS'] [False]
['RSL24D1'] [False]
['CNOT3'] [True]
['LIN54'] [True]
['LTV1'] [False]
['RPS23'] [False]
['PSMC4'] [False]
['ESPN'] [False]
['MDN1'] [True]
['RPL6'] [True]
['HUS1'] [False]
['EIF4E'] [True]
['NIFK'] [False]
['ORC1'] [True]
['NUBP2'] [True]
['CMTR1'] [True]
['TBCA'] [True]
['DCTN1'] [False]
['PRPF8'] [True]
['HSPE1'] [True]
['PRPF4B'] [True]
['WBP1L'] [True]
['MED22'] [False]
['SRP9'] [False]
['AQR'] [True]
['SPATA5L1'] [False]
['ABCB7'] [False]
['DPH1'] [False]
['STARD7'] [True]
['TMSB10'] [False]
['RPS4X'] [True]
['VPS54'] [True]
['PIAS4'] [True]
['RPL38'] [False]
['HSPA8'] [True]
['RPL23'] [True]
['PSMC2'] [False]
['NLE1'] [False]
['ERAL1'] [False]
['YEATS4'] [False]
['PRPF4'] [False]
['NSA2'] [False]
['EIF6'] [False]
['RPL10'] [True]
['CCDC115'] [False]
['WTAP'] [True]
['SLC7A5'] [True]
['NOC3L'] [False]
['EIF2S3'] [True]
['CADM4'] [False]
['RPS6'] [True]
['H3F3A'] [False]
['GNL3'] [True]
['CCNB1'] [True]
['PSMG2'] [True]
['RPS12'] [True]
['NUP54'] [True]
['WDR43'] [True]
['SNRNP200'] [True]
['BUB3'] [True]
['PDCD5'] [True]
['KAT8'] [False]
['TXNL4B'] [False]
['NR2C2AP'] [False]
['BDP1'] [False]
['ANAPC15'] [True]
['HNRNPR'] [True]
['RPL37'] [True]
['ANKRD11'] [True]
['NRDE2'] [True]
['TSEN2'] [True]
['PTMA'] [True]
['IMP4'] [False]
['PSMG3'] [False]
['RPS27A'] [True]
['NPB'] [False]
['RPL13'] [True]
['CCNK'] [True]
['RPL35A'] [False]
['NPEPPS'] [True]
['PRORP'] [False]
['TFAM'] [True]
['TEFM'] [False]
['MRPS23'] [False]
['MRPS35'] [False]
['SAMM50'] [True]
['EIF2S1'] [True]
['PCF11'] [True]
['WDR75'] [False]
['MRPS11'] [False]
['CDC27'] [True]
['HMGCR'] [True]
['PSMD1'] [False]
['DAP3'] [False]
['RPS29'] [True]
['DCUN1D5'] [False]
['ANAPC13'] [False]
['SRRM2'] [True]
['SFPQ'] [True]
['SF3B4'] [False]
['RPL11'] [False]
['SETD2'] [True]
['DNTTIP2'] [False]
['RPL37A'] [False]
['SDAD1'] [False]
['DENR'] [False]
['CDIPT'] [True]
['LST1'] [False]
['EIF2B4'] [True]
['NUP62'] [False]
['LSM2'] [False]
['RPS17'] [False]
['TRMT10C'] [False]
['EFTUD2'] [True]
['SNRPF'] [True]
['LSM7'] [True]
['SLC4A5'] [False]
['PPP2R1A'] [True]
['MRPS2'] [True]
['MRPS21'] [False]
['VPS18'] [False]
['PPP2CA'] [True]
['METAP2'] [False]
['CENPJ'] [False]
['DDX24'] [False]
['ARPC2'] [False]
['MRPS7'] [False]
['RPAIN'] [False]
['C12orf60'] [False]
['PPP1R8'] [False]
['WDR26'] [True]
['HSD17B12'] [True]
['PNPT1'] [True]
['PPP4R2'] [True]
['JMJD6'] [True]
['TEX10'] [True]
['PPIH'] [True]
['POLR3F'] [False]
['EIF3B'] [True]
['METAP1'] [False]
['CDC16'] [True]
['SPC24'] [True]
['RPL36A'] [False]
['RPL18'] [True]
['NDUFA2'] [False]
['RPS18'] [False]
['N6AMT1'] [True]
['RPL27'] [True]
['WDR36'] [True]
['BARD1'] [True]
['TXNL4A'] [True]
['TBCC'] [False]
['CDC5L'] [False]
['RPS16'] [True]
['PRELID1'] [False]
['FNBP4'] [True]
['CEP152'] [False]
['PRPF18'] [False]
['RPS3'] [True]
['DDX51'] [False]
['ALYREF'] [False]
['TADA3'] [True]
['OXA1L'] [False]
['PSMB6'] [False]
['RPA2'] [False]
['MRPS22'] [True]
['POLRMT'] [True]
['RPL15'] [True]
['REXO2'] [False]
['DNAJA3'] [True]
['KIN'] [False]
['KPNB1'] [True]
['RPL14'] [False]
['DCTN5'] [False]
['TIPIN'] [True]
['DHX16'] [False]
['RPS9'] [False]
['RPL8'] [False]
['TNPO3'] [False]
['CTBP2'] [False]
['PPAN'] [False]
['SPTSSA'] [False]
['PTCD1'] [True]
['GTPBP4'] [True]
['IARS2'] [True]
['GTF3C2'] [True]
['PABPN1'] [True]
['RARS'] [False]
['KATNB1'] [True]
['PNO1'] [False]
['KANSL2'] [True]
['PHAX'] [False]
['USF2'] [True]
['TIMM13'] [False]
['SUPV3L1'] [True]
['EIF5A'] [False]
['RPLP0'] [False]
['NCL'] [True]
['BCR'] [True]
['CTR9'] [True]
['NOL11'] [True]
['RBMX2'] [False]
['HMGB1'] [True]
['CWC15'] [True]
['GNL3L'] [False]
['RPL9'] [False]
['RPL39'] [False]
['EIF2B5'] [False]
['WDR74'] [True]
['DSN1'] [False]
['MED12'] [True]
['TRAPPC4'] [False]
['RHOQ'] [True]
['EIF4G2'] [False]
['CHCHD4'] [True]
['PRRC2A'] [True]
['SART1'] [False]
['BUB1B'] [True]
['CCDC137'] [False]
['ACTB'] [True]
['SNRNP70'] [False]
['NOL8'] [True]
['FGFR1OP'] [False]
['PRIM1'] [False]
['ISCA2'] [False]
['SNX15'] [False]
['NKAP'] [True]
['PRKRIP1'] [False]
['COPB1'] [True]
['KLHL11'] [False]
['NEDD1'] [False]
['PRPF3'] [True]
['MOG'] [False]
['CNOT1'] [True]
['TUBGCP2'] [False]
['DDX46'] [True]
['CACNB3'] [False]
['ROMO1'] [False]
['SSBP1'] [False]
['WDR4'] [True]
['URB2'] [False]
['RPL18A'] [True]
['SF3B3'] [True]
['CPNE7'] [True]
['SCAF1'] [True]
['GSPT1'] [True]
['CA5A'] [False]
['OR2A1'] [False]
['SMU1'] [False]
['DDX18'] [True]
['HIST2H3D'] [False]
['PPP1R15B'] [True]
['TARS'] [False]
['COASY'] [True]
['C14orf178'] [False]
['SRSF7'] [True]
['MYBBP1A'] [False]
['BYSL'] [False]
['TRAPPC1'] [False]
['SNW1'] [True]
['DPH6'] [True]
['PAF1'] [True]
['RMI1'] [True]
['RRP12'] [False]
['PYROXD1'] [False]
['MRPL39'] [False]
['GBF1'] [True]
['PELP1'] [True]
['ACIN1'] [True]
['RBM17'] [True]
['PSMC1'] [False]
['TRNT1'] [False]
['RPL12'] [False]
['DHX15'] [True]
['UQCRC1'] [False]
['SNRPE'] [False]
['UBL5'] [True]
['TWISTNB'] [False]
['TUBGCP6'] [True]
['WDR3'] [False]
['CLASRP'] [False]
['UBE2L3'] [True]
['RANGAP1'] [True]
['RNF8'] [False]
['NCBP2'] [True]
['ZBTB17'] [True]
['PTPMT1'] [False]
['PDCD11'] [True]
['PMF1'] [True]
['ALG14'] [False]
['SSRP1'] [False]
['GNL2'] [True]
['YY1'] [True]
['TSEN34'] [False]
['ARPC4'] [False]
['RPS3A'] [True]
['SNRPG'] [False]
['CHMP6'] [False]
['RPF1'] [False]
['SNRNP40'] [True]
['TOMM40'] [True]
['PPP4C'] [False]
['GEMIN6'] [False]
['NSF'] [True]
['TEAD3'] [False]
['GON4L'] [True]
['BRIX1'] [False]
['C9orf78'] [False]
['CEP192'] [True]
['CDC23'] [False]
['SRP72'] [True]
['MRPL1'] [True]
['PAM16'] [False]
['BRF1'] [True]
['MAGOH'] [False]
['SPC25'] [True]
['DHX33'] [True]
['DDB1'] [True]
['EXOC3'] [False]
['KIF23'] [True]
['CPSF3'] [False]
['NAA35'] [True]
['UPF1'] [True]
['CBX1'] [False]
['SNRNP48'] [True]
['COA5'] [False]
['GTF3C3'] [True]
['TRIAP1'] [True]
['RPS10'] [False]
['NUP205'] [True]
['POLR1E'] [False]
['PSMA1'] [False]
['RPS5'] [False]
['RPSA'] [False]
['ABCF1'] [False]
['MRPS34'] [False]
['CRCP'] [True]
['SRSF11'] [True]
['SEC16A'] [True]
['AURKAIP1'] [False]
['KIF18B'] [True]
['MCRS1'] [False]
['TOMM20'] [True]
['EIF3E'] [True]
['BOP1'] [False]
['RTEL1'] [True]
['PIK3C3'] [True]
['COG6'] [False]
['CHORDC1'] [False]
['SMC4'] [True]
['RRN3'] [False]
['PES1'] [False]
['PRPF19'] [False]
['MRPS10'] [True]
['EIF3I'] [True]
['AP2M1'] [True]
['NACA'] [False]
['BAP1'] [True]
['PHF5A'] [False]
['TAF1D'] [False]
['LENG8'] [False]
['SEPHS2'] [False]
['FOLR3'] [False]
['RBM28'] [False]
['RPS10-NUDT3'] [False]
['DLD'] [False]
['NXF1'] [False]
['SNAPC4'] [True]
['MRPS5'] [False]
['CIAO1'] [True]
['XPO5'] [True]
['LARS'] [False]
['RPA1'] [True]
['TSSK3'] [False]
['PRPF6'] [False]
['JAZF1'] [False]
['POLA2'] [True]
['CDC37'] [True]
['DICER1'] [True]
['MZT1'] [False]
['GTF3C1'] [True]
['MRPS26'] [False]
['ZNF284'] [False]
['PTCD3'] [True]
['UFM1'] [False]
['LTBP3'] [False]
['TKT'] [True]
['IK'] [False]
['METTL1'] [True]
['QARS'] [False]
['BRF2'] [True]
['KIAA1143'] [False]
['POLR2D'] [True]
['CUL1'] [True]
['TAMM41'] [False]
['RPL26L1'] [False]
['RPA3'] [True]
['WDR18'] [True]
['MRPL9'] [False]
['YTHDC1'] [False]
['SNRNP25'] [True]
['ZRSR2'] [False]
['TTK'] [True]
['DNAJC8'] [True]
['UPF2'] [False]
['KRTAP4-2'] [False]
['RSL1D1'] [True]
['SLU7'] [True]
['SLC1A5'] [True]
['SNRPA1'] [False]
['AHCTF1'] [True]
['SDHAF2'] [False]
['LCE1C'] [False]
['MTG2'] [False]
['XRCC1'] [True]
['RNPS1'] [False]
['CHTOP'] [False]
['WDR55'] [True]
['FNTA'] [False]
['PSMD6'] [False]
['MEX3A'] [False]
['CYFIP1'] [True]
['TRNP1'] [False]
['UBE2D3'] [True]
['SON'] [True]
['FTSJ3'] [True]
['NDC80'] [True]
['AAMP'] [False]
['PAXBP1'] [True]
['GLRX5'] [True]
['DNAJA1'] [True]
['NUF2'] [True]
['HSPD1'] [True]
['SMC2'] [True]
['UBE2H'] [True]
['HGS'] [True]
['YARS2'] [False]
['CCT4'] [True]
['NUP160'] [True]
['ILF3'] [True]
['ALG1L'] [False]
['SMC5'] [True]
['BCL2L1'] [True]
['SUGP1'] [False]
['IPO9'] [False]
['PRC1'] [True]
['C19orf53'] [False]
['GABPA'] [True]
['GTF2H2'] [True]
['TLCD1'] [True]
['FBXO5'] [True]
['PSMD2'] [False]
['COPZ1'] [True]
['HIST1H2BL'] [False]
['USP7'] [True]
['GTF3C5'] [True]
['COPS6'] [False]
['SHQ1'] [False]
['LRRC37A3'] [False]
['MRPS9'] [False]
['DHX8'] [True]
['SF3B2'] [False]
['RPS27'] [False]
['RAB4A'] [True]
['PPIL4'] [True]
['HYPK'] [False]
['NOL12'] [False]
['WDR25'] [False]
['PPP6C'] [False]
['NAGLU'] [True]
['SF3B5'] [False]
['DDX5'] [True]
['CDC73'] [False]
['C6orf15'] [False]
['TRA2B'] [True]
['EXOC1'] [True]
['NSRP1'] [False]
['PTK2'] [True]
['HARS'] [False]
['EIF3G'] [False]
['RAN'] [False]
['XRCC5'] [True]
['ISG20L2'] [True]
['SRRM1'] [True]
['SMUG1'] [True]
['EDC4'] [False]
['MRPS6'] [False]
['MCMBP'] [True]
['DDX27'] [False]
['TMEM240'] [False]
['SIN3A'] [True]
['PPP1CA'] [True]
['PGS1'] [True]
['RAD51'] [True]
['ARHGAP11B'] [False]
['SLC39A7'] [False]
['BTF3L4'] [False]
['BGLAP'] [False]
['EIF2B2'] [True]
['C16orf86'] [False]
['VPS72'] [False]
['OLFML3'] [False]
['OPA1'] [True]
['ZNF236'] [False]
['ELP5'] [True]
['GRWD1'] [False]
['ESF1'] [True]
['DDX54'] [True]
['VEZT'] [False]
['AARS2'] [False]
['TIMM9'] [True]
['PRODH'] [False]
['U2AF2'] [True]
['HSD17B10'] [True]
['DCAF6'] [True]
['RGP1'] [False]
['RPL7L1'] [False]
['CCT3'] [True]
['GRSF1'] [True]
['TUT1'] [False]
['TTC1'] [True]
['WDHD1'] [False]
['SF3B1'] [True]
['ZNF207'] [True]
['EIF2B1'] [True]
['STRAP'] [False]
['PPP1CB'] [False]
['INTS6'] [True]
['ZNF718'] [False]
['CDC6'] [True]
['KRTAP4-7'] [False]
['NEDD8'] [False]
['RSRC2'] [True]
['CRLS1'] [False]
['SMARCB1'] [True]
['ORC3'] [False]
['KCMF1'] [True]
['MIOS'] [True]
['DHPS'] [True]
['VMP1'] [True]
['LCE1E'] [False]
['INTS9'] [True]
['CSE1L'] [True]
['FAU'] [False]
['PWP1'] [True]
['RIOK2'] [False]
['FAM229A'] [False]
['POLR2B'] [True]
['TUBD1'] [False]
['SNF8'] [False]
['GOLT1B'] [False]
['DPH2'] [False]
['LTB4R2'] [False]
['ALG2'] [False]
['NDUFB8'] [False]
['CHCHD1'] [False]
['TREX2'] [False]
['PKM'] [True]
['GPS1'] [False]
['NOP10'] [False]
['NUMA1'] [True]
['COX7B'] [False]
['DPM2'] [False]
['PSMA3'] [True]
['MRPL45'] [False]
['H2AFZ'] [False]
['SOD1'] [True]
['ELP3'] [True]
['DDX10'] [True]
['DYNLRB1'] [False]
['RCC1'] [True]
['KLC2'] [True]
['TMEM258'] [False]
['METTL17'] [False]
['GAK'] [True]
['RPUSD3'] [False]
['RBM14'] [True]
['RAC1'] [True]
['YJEFN3'] [False]
['KRT8'] [True]
['CEBPZ'] [True]
['IGBP1'] [True]
['COQ4'] [True]
['INO80B'] [False]
['HAUS8'] [False]
['GTF2H1'] [True]
['TAF1C'] [False]
['HIST1H2BB'] [False]
['PUF60'] [True]
['LSM4'] [True]
['GARS'] [False]
['POP7'] [False]
['SF3A1'] [False]
['ADAT3'] [False]
['ABCE1'] [True]
['AFG3L2'] [True]
['ZNF253'] [False]
['VPS13D'] [True]
['PSMC6'] [False]
['USP5'] [True]
['ATP6V1B2'] [False]
['NFRKB'] [False]
['CHMP7'] [True]
['POLR2E'] [False]
['SNAPC1'] [True]
['MYCBP'] [True]
['KXD1'] [False]
['ZNF658'] [False]
['ACTR1B'] [False]
['ZNF335'] [True]
['MAX'] [True]
['SEM1'] [True]
['CYS1'] [False]
['GINS1'] [True]
['PCID2'] [True]
['CCDC174'] [True]
['CWC25'] [False]
['KLF7'] [False]
['BTF3'] [True]
['DDN'] [False]
['SACM1L'] [True]
['GAB2'] [True]
['SNRNP35'] [False]
['YARS'] [False]
['POLR1C'] [False]
['ICE1'] [True]
['UBA2'] [True]
['PSME2'] [False]
['VARS'] [False]
['NUP107'] [True]
['STIL'] [True]
['HBS1L'] [True]
['NCAPH2'] [False]
['MANF'] [True]
['ANAPC2'] [False]
['SCAP'] [True]
['GUCD1'] [False]
['SMN2'] [False]
['CSH2'] [False]
['SNRPD1'] [False]
['HSPA14'] [False]
['RRP1'] [False]
['POLR2C'] [False]
['ZW10'] [False]
['DYNC1H1'] [True]
['COPS8'] [True]
['TOP3A'] [True]
['SDE2'] [True]
['METTL16'] [False]
['UTP6'] [True]
['NAA20'] [False]
['NCOA4'] [True]
['DOHH'] [False]
['UROD'] [True]
['PSMA4'] [False]
['MAD2L2'] [True]
['CSNK2B'] [True]
['NVL'] [True]
['MSTO1'] [False]
['COPA'] [True]
['FAF2'] [True]
['POLR3C'] [False]
['EIF1'] [True]
['SRBD1'] [True]
['TARDBP'] [True]
['HNRNPM'] [True]
['DERL2'] [True]
['RHPN1'] [False]
['ELP2'] [True]
['OR1D2'] [False]
['TRAPPC3'] [True]
['HAPLN2'] [False]
['HMGCS1'] [True]
['LAS1L'] [False]
['DDX55'] [True]
['RPL13A'] [True]
['NOMO3'] [False]
['SOD2'] [True]
['CPAMD8'] [False]
['RNASEH2C'] [False]
['SRF'] [True]
['PSMD12'] [False]
['SNRPB'] [True]
['C1D'] [False]
['CCT2'] [True]
['INO80'] [True]
['OSTC'] [False]
['WNK1'] [True]
['IFITM2'] [False]
['CFDP1'] [True]
['TIMM8A'] [False]
['NBPF12'] [False]
['PNKP'] [True]
['MRPS12'] [False]
['PDCD6IP'] [True]
['TSR1'] [False]
['GLI4'] [False]
['USP9X'] [True]
['EARS2'] [True]
['RPL35'] [False]
['C9orf16'] [False]
['MRPS25'] [True]
['SART3'] [True]
['CCT7'] [True]
['EIF1AX'] [False]
['MSRB1'] [True]
['EIF3CL'] [False]
['NISCH'] [False]
['SRSF10'] [False]
['RPLP1'] [False]
['DRAP1'] [False]
['MAD2L1'] [True]
['NDUFB3'] [True]
['GOLGA6L1'] [False]
['EIF3D'] [True]
['POTEI'] [False]
['ACTR2'] [True]
['SRSF6'] [True]
['DDX59'] [True]
['BUD13'] [False]
['RBM42'] [True]
['MIS18BP1'] [False]
['LIMS1'] [True]
['RPS2'] [False]
['DOLK'] [False]
['SNAPC3'] [False]
['IPO13'] [True]
['ZBTB11'] [True]
['UTP20'] [True]
['OR2T5'] [False]
['FAM50A'] [False]
['MRPL20'] [True]
['RPP30'] [True]
['C1QTNF4'] [False]
['RGPD6'] [False]
['TM7SF2'] [False]
['WDR54'] [False]
['TCERG1'] [True]
['ZNRD1'] [False]
['UBA52'] [True]
['NAA25'] [True]
['ORC4'] [False]
['DDX41'] [True]
['LONP1'] [True]
['COPG1'] [True]
['RRM1'] [True]
['POLD1'] [True]
['DRG1'] [True]
['MKRN1'] [True]
['CTNNBL1'] [False]
['DDX19B'] [False]
['HS6ST1'] [False]
['CHCHD2'] [True]
['MZF1'] [True]
['MCM3'] [True]
['PSMD4'] [False]
['DPAGT1'] [True]
['PRMT5'] [True]
['GMPPB'] [True]
['UBQLN4'] [False]
['PPIA'] [True]
['MRPS18B'] [True]
['ELP6'] [False]
['TUBE1'] [False]
['MED10'] [True]
['ZNF687'] [False]
['DNLZ'] [False]
['GTF3C6'] [False]
['CSNK1A1'] [False]
['PPA1'] [False]
['PPME1'] [False]
['VPS41'] [True]
['TRMT5'] [False]
['PLA2G10'] [False]
['MBTPS2'] [False]
['DDX52'] [False]
['PXN'] [True]
['C19orf25'] [False]
['PDCD6'] [False]
['RNF113A'] [False]
['UBA1'] [True]
['MMS19'] [True]
['C1orf109'] [False]
['TTC4'] [False]
['RNF14'] [False]
['TRAPPC8'] [True]
['SARS2'] [True]
['NDUFA6'] [False]
['PC'] [False]
['TBL3'] [False]
['RPUSD4'] [False]
['ACTR3'] [True]
['RAD51D'] [False]
['COPS4'] [False]
['HDAC7'] [True]
['PIGH'] [False]
['BANP'] [True]
['MFN2'] [True]
['PPIL2'] [True]
['CIAPIN1'] [False]
['SLC35G6'] [False]
['CCNL1'] [False]
['COG4'] [False]
(2561, 4545)
Save subset of Replogle22...
Creating new .pert file...
Splitting sinks from GRN...
********** B1: Run unperturbed GRiNS: **********
RACIPE:
Running ctrl with 1 replicates, 1000 parameters, 100 initial conditions, a batch size of 10000 and 4096 steps.
Generating parameters...
Parameter and Intial Condition files generated for KeggoRo_final
Generating parameters for sinks...
Loading ODE system from: Data/SimulResults_Racipe/KeggoRo_final
Number of combinations to simulate: 100000
Running steady state simulations for replicate: 001
  0%|          | 0/10 [00:00<?, ?it/s]