[2026-04-03 14:00:05] [INFO]    [OmnipathR] Welcome to OmnipathR!
[2026-04-03 14:00:05] [TRACE]   [OmnipathR] Reading JSON from `/home/gesomme/.cache/OmnipathR/cache.json` (encoding: UTF-8).
[2026-04-03 14:00:05] [TRACE]   [OmnipathR] JSON validation successful: TRUE
[2026-04-03 14:00:05] [INFO]    [OmnipathR] Initialized cache: `/home/gesomme/.cache/OmnipathR`.
[2026-04-03 14:00:05] [TRACE]   [OmnipathR] Reading JSON from `/home/gesomme/R/x86_64-pc-linux-gnu-library/4.3/OmnipathR/db/db_def.json` (encoding: UTF-8).
[2026-04-03 14:00:05] [TRACE]   [OmnipathR] JSON validation successful: TRUE
[2026-04-03 14:00:05] [TRACE]   [OmnipathR] Reading JSON from `/home/gesomme/R/x86_64-pc-linux-gnu-library/4.3/OmnipathR/internal/magic_bytes.json` (encoding: UTF-8).
[2026-04-03 14:00:05] [TRACE]   [OmnipathR] JSON validation successful: TRUE
[2026-04-03 14:00:05] [TRACE]   [OmnipathR] Reading JSON from `/home/gesomme/R/x86_64-pc-linux-gnu-library/4.3/OmnipathR/internal/urls.json` (encoding: UTF-8).
[2026-04-03 14:00:05] [TRACE]   [OmnipathR] JSON validation successful: TRUE
[2026-04-03 14:00:05] [TRACE]   [OmnipathR] Reading JSON from `/home/gesomme/R/x86_64-pc-linux-gnu-library/4.3/OmnipathR/internal/id_types.json` (encoding: UTF-8).
[2026-04-03 14:00:05] [TRACE]   [OmnipathR] JSON validation successful: TRUE
[2026-04-03 14:08:37] [INFO]    [OmnipathR] Loading database `Ensembl and OMA organism names`.
[2026-04-03 14:08:37] [INFO]    [OmnipathR] Looking up in cache `https://www.ensembl.org/info/about/species.html`: key=7332486db7400730697234bad76ca0c8e4d00799, latest version=1.
[2026-04-03 14:08:37] [TRACE]   [OmnipathR] Cache file path: /home/gesomme/.cache/OmnipathR/7332486db7400730697234bad76ca0c8e4d00799-1.html
[2026-04-03 14:08:37] [TRACE]   [OmnipathR] Looking up in cache: `https://omabrowser.org/All/oma-species.txt`.
[2026-04-03 14:08:37] [TRACE]   [OmnipathR] Loaded data from RDS `/home/gesomme/.cache/OmnipathR/30e690cbb55dfc63b5903ab337f34ffc2f4be397-1.rds`.
[2026-04-03 14:08:37] [INFO]    [OmnipathR] Loaded database `Ensembl and OMA organism names`.
[2026-04-03 14:08:37] [TRACE]   [OmnipathR] Looking up in cache: `https://omnipathdb.org/interactions?genesymbols=yes&datasets=dorothea&organisms=9606&dorothea_levels=A,B,C,D&fields=evidences,sources,references,curation_effort,dorothea_level&license=academic`
[2026-04-03 14:08:42] [TRACE]   [OmnipathR] Loaded data from RDS `/home/gesomme/.cache/OmnipathR/2acacccd183a8fe4538b649c1e593e2140fcddf6-1.rds`.
[2026-04-03 14:08:42] [INFO]    [OmnipathR] Loaded from cache: `https://omnipathdb.org/interactions?genesymbols=yes&datasets=dorothea&organisms=9606&dorothea_levels=A,B,C,D&fields=evidences,sources,references,curation_effort,dorothea_level&license=academic`
[2026-04-03 14:08:42] [TRACE]   [OmnipathR] Converting JSON column `evidences` to list.
[2026-04-03 14:09:11] [TRACE]   [OmnipathR] Restricting interaction records to datasets: dorothea; and resources: any
[2026-04-03 14:09:39] [TRACE]   [OmnipathR] Filtering evidence columns: positive, negative, directed, undirected; to datasets: dorothea; and resources: any
