nohup: Eingabe wird ignoriert
Traceback (most recent call last):
  File "/home/mi/sommereg03/bsc_thesis_pGRiNS/pgrins_main.py", line 3, in <module>
    from Prep_Data import pgrins_prepare_input, pgrins_prepare_output, pgrins_cluster
  File "/home/mi/sommereg03/bsc_thesis_pGRiNS/Prep_Data/pgrins_cluster.py", line 22, in <module>
    def get_adata_ctrl_mean(adata_list : list[ad.AnnData]) -> tuple[list[str], list[np.float]]:
                                                                                    ^^^^^^^^
  File "/storage/mi/sommereg03/vbsc_2/lib/python3.13/site-packages/numpy/__init__.py", line 397, in __getattr__
    raise AttributeError(__former_attrs__[attr], name=None)
AttributeError: module 'numpy' has no attribute 'float'.
`np.float` was a deprecated alias for the builtin `float`. To avoid this error in existing code, use `float` by itself. Doing this will not modify any behavior and is safe. If you specifically wanted the numpy scalar type, use `np.float64` here.
The aliases was originally deprecated in NumPy 1.20; for more details and guidance see the original release note at:
    https://numpy.org/devdocs/release/1.20.0-notes.html#deprecations
nohup: Eingabe wird ignoriert
********** A: Prepare data: **********
.topo files ['dorothea_abcd', 'kegg'] are turned into KeggoRo_Fld
Experimental perturb seq datasets used: ['Norman19', 'Replogle22']
Reading file:  Data/Experimental/Norman19/perturb_norm.h5ad
Reading file:  Data/Experimental/Replogle22/perturb_norm.h5ad
Created subset adata files...
Save subset of Norman19...
Save subset of Replogle22...
Creating new .pert file...
Splitting sinks from GRN...
********** B1: Run unperturbed GRiNS: **********
RACIPE:
Running ctrl with 1 replicates, 1000 parameters, 100 initial conditions, a batch size of 5000 and 10000 steps in the time inveral [0,200] using Uniform sampling.
Generating parameters...
nohup: Eingabe wird ignoriert
********** A: Prepare data: **********
.topo files ['dorothea_abcd', 'kegg'] are turned into KeggoRo_Fld
Experimental perturb seq datasets used: ['Norman19', 'Replogle22']
Reading file:  Data/Experimental/Norman19/perturb_norm.h5ad
