['NormanWeissman2019_filtered', 'ReplogleWeissman2022_K562_essential']
['dorothea_abcd', 'kegg']
Normalizing file:  NormanWeissman2019_filtered
Total measured cells: 111445
Total measured genes: 33694
57831 total single perturbations found.
41759 total double perturbations found.
105 unique single genes.
Percent of control cells: 17.012025370949686 %
Unique perturbations: 105
Done defining qc classes
Mitochondrial genes: 13
Ribosomal genes: 103
Hemoglobin genes: 12
Done calculating qc metrics
Total number of cells: 69686
outlier
False    69274
True       412
Name: count, dtype: int64
mt_outlier
False    61078
True      8608
Name: count, dtype: int64
Total number of cells after filtering of low quality cells: 60773
Median counts: 14730.0
Generating p values for DEGs, might take a long time...
Done!
Normalizing file:  ReplogleWeissman2022_K562_essential
Total measured cells: 310385
Total measured genes: 8563
Unique genes in the df (w/o ctrl): batch                          48
gene                         2057
gene_id                      2057
transcript                     57
gene_transcript              2176
guide_id                     2176
percent_mito               288746
UMI_count                   28790
z_gemgroup_UMI             245702
core_scale_factor              48
core_adjusted_UMI_count    244091
disease                         1
cancer                          1
cell_line                       1
sex                             1
age                             1
perturbation                 2057
organism                        1
perturbation_type               1
tissue_type                     1
ncounts                     28562
ngenes                       5034
nperts                          1
percent_ribo               288989
cell_type                       1
condition                    2057
condition_name               2057
dtype: int64
Percent of control cells: 3.4444319152020877 %
Unique perturbations: 2057
Done defining qc classes
Mitochondrial genes: 13
Ribosomal genes: 89
Hemoglobin genes: 7
Done calculating qc metrics
Total number of cells: 310385
outlier
False    309250
True       1135
Name: count, dtype: int64
mt_outlier
True     270798
False     39587
Name: count, dtype: int64
Total number of cells after filtering of low quality cells: 39438
Median counts: 13679.0
Generating p values for DEGs, might take a long time...
Done!

