nohup: Eingabe wird ignoriert
********** A: Prepare data: **********
Done!
********** B1: Run unperturbed GRiNS: **********
RACIPE:
Running ctrl with 1 replicates, 1000 parameters, 100 initial conditions, a batch size of 5000 and 10000 steps in the time inveral [0,200] using Uniform sampling.
Done!
********** C1: Create unperturbed adata object: **********
Done!
********** D1: Get best control cells: **********
nohup: Eingabe wird ignoriert
********** A: Prepare data: **********
Done!
********** B1: Run unperturbed GRiNS: **********
RACIPE:
Running ctrl with 1 replicates, 1000 parameters, 100 initial conditions, a batch size of 5000 and 10000 steps in the time inveral [0,200] using Uniform sampling.
Done!
********** C1: Create unperturbed adata object: **********
Done!
********** D1: Get best control cells: **********
Calculating adata mean
         Gene       Val
3047     AAK1  0.306057
1992    ABCA7  0.132419
3229   ABCB10  0.275410
4122    ABCB6  0.157691
1557    ABCB8  0.242355
...       ...       ...
3777  ZSCAN25  0.098206
3884   ZSCAN9  0.117921
1930      ZYX  0.205966
4225    ZZEF1  0.116121
3742     ZZZ3  0.159497

[4257 rows x 2 columns]
Running PCA, keeping at least 10 PCs
Running UMAP using 19 PCs
Clustering
14 clusters definable with >1.0% of cells (at most, 10 are needed).
Calculating Silhouette score for 163 clusters
Calculating MSE for 10 clusters
Cluster 6 (4465 cells): MSE = 0.5104201022917878
Cluster 158 (1330 cells): MSE = 0.5172124476452413
Cluster 4 (2731 cells): MSE = 0.5261335513598164
Cluster 7 (2579 cells): MSE = 0.5068307221741378
Cluster 3 (13710 cells): MSE = 0.5090609704127607
Cluster 0 (17190 cells): MSE = 0.5113790203586333
Cluster 135 (2853 cells): MSE = 0.51583365031181
Cluster 1 (16004 cells): MSE = 0.5173161153954032
Cluster 28 (1443 cells): MSE = 0.44775433975551765
Cluster 16 (2772 cells): MSE = 0.5101528896579477
1443/100000 cells retained
Saving final file
********** B2: Run perturbed GRiNS: **********
RACIPE:
Running pert with 1000 cells for 75 perturbation sets each (scaling factor of 100), a batch size of 5000 and 10000 steps in the time inveral [0,200] using Uniform sampling.
Replicate 001/001
Loading ODE system from: Data/SimulResults_Racipe/KeggoRo
Number of combinations to simulate: 75000
Running steady state simulations for replicate: 001
  0%|          | 0/15 [00:00<?, ?it/s]