nohup: Eingabe wird ignoriert
********** A: Prepare data: **********
.topo files ['dorothea_abcde'] are turned into doro_abcde
Experimental perturb seq datasets used: ['Norman19', 'Replogle22']
Reading file:  Data/Experimental/Norman19/perturb_norm.h5ad
Reading file:  Data/Experimental/Replogle22/perturb_norm.h5ad
Created subset adata files...
Save subset of Norman19...
Save subset of Replogle22...
Creating new .pert file...
Splitting sinks from GRN...
********** B1: Run unperturbed GRiNS: **********
RACIPE:
Running ctrl with 1 replicates, 1000 parameters, 100 initial conditions, a batch size of 10000 and 10000 steps in the time inveral [0,200] using Uniform sampling.
Generating parameters...
/home/mi/sommereg03/bsc_thesis_pGRiNS/grins/gen_params.py:546: PerformanceWarning: DataFrame is highly fragmented.  This is usually the result of calling `frame.insert` many times, which has poor performance.  Consider joining all columns at once using pd.concat(axis=1) instead. To get a de-fragmented frame, use `newframe = frame.copy()`
  gk_hills[f"AcH_{insrc_nd}_{tgt_nd}"] = psH(g / k, fld, thr, n)
/home/mi/sommereg03/bsc_thesis_pGRiNS/grins/gen_params.py:546: PerformanceWarning: DataFrame is highly fragmented.  This is usually the result of calling `frame.insert` many times, which has poor performance.  Consider joining all columns at once using pd.concat(axis=1) instead. To get a de-fragmented frame, use `newframe = frame.copy()`
  gk_hills[f"AcH_{insrc_nd}_{tgt_nd}"] = psH(g / k, fld, thr, n)
/home/mi/sommereg03/bsc_thesis_pGRiNS/grins/gen_params.py:546: PerformanceWarning: DataFrame is highly fragmented.  This is usually the result of calling `frame.insert` many times, which has poor performance.  Consider joining all columns at once using pd.concat(axis=1) instead. To get a de-fragmented frame, use `newframe = frame.copy()`
  gk_hills[f"AcH_{insrc_nd}_{tgt_nd}"] = psH(g / k, fld, thr, n)
/home/mi/sommereg03/bsc_thesis_pGRiNS/grins/gen_params.py:546: PerformanceWarning: DataFrame is highly fragmented.  This is usually the result of calling `frame.insert` many times, which has poor performance.  Consider joining all columns at once using pd.concat(axis=1) instead. To get a de-fragmented frame, use `newframe = frame.copy()`
  gk_hills[f"AcH_{insrc_nd}_{tgt_nd}"] = psH(g / k, fld, thr, n)
/home/mi/sommereg03/bsc_thesis_pGRiNS/grins/gen_params.py:546: PerformanceWarning: DataFrame is highly fragmented.  This is usually the result of calling `frame.insert` many times, which has poor performance.  Consider joining all columns at once using pd.concat(axis=1) instead. To get a de-fragmented frame, use `newframe = frame.copy()`
  gk_hills[f"AcH_{insrc_nd}_{tgt_nd}"] = psH(g / k, fld, thr, n)
/home/mi/sommereg03/bsc_thesis_pGRiNS/grins/gen_params.py:546: PerformanceWarning: DataFrame is highly fragmented.  This is usually the result of calling `frame.insert` many times, which has poor performance.  Consider joining all columns at once using pd.concat(axis=1) instead. To get a de-fragmented frame, use `newframe = frame.copy()`
  gk_hills[f"AcH_{insrc_nd}_{tgt_nd}"] = psH(g / k, fld, thr, n)
/home/mi/sommereg03/bsc_thesis_pGRiNS/grins/gen_params.py:546: PerformanceWarning: DataFrame is highly fragmented.  This is usually the result of calling `frame.insert` many times, which has poor performance.  Consider joining all columns at once using pd.concat(axis=1) instead. To get a de-fragmented frame, use `newframe = frame.copy()`
  gk_hills[f"AcH_{insrc_nd}_{tgt_nd}"] = psH(g / k, fld, thr, n)
/home/mi/sommereg03/bsc_thesis_pGRiNS/grins/gen_params.py:546: PerformanceWarning: DataFrame is highly fragmented.  This is usually the result of calling `frame.insert` many times, which has poor performance.  Consider joining all columns at once using pd.concat(axis=1) instead. To get a de-fragmented frame, use `newframe = frame.copy()`
  gk_hills[f"AcH_{insrc_nd}_{tgt_nd}"] = psH(g / k, fld, thr, n)
/home/mi/sommereg03/bsc_thesis_pGRiNS/grins/gen_params.py:546: PerformanceWarning: DataFrame is highly fragmented.  This is usually the result of calling `frame.insert` many times, which has poor performance.  Consider joining all columns at once using pd.concat(axis=1) instead. To get a de-fragmented frame, use `newframe = frame.copy()`
  gk_hills[f"AcH_{insrc_nd}_{tgt_nd}"] = psH(g / k, fld, thr, n)
/home/mi/sommereg03/bsc_thesis_pGRiNS/grins/gen_params.py:546: PerformanceWarning: DataFrame is highly fragmented.  This is usually the result of calling `frame.insert` many times, which has poor performance.  Consider joining all columns at once using pd.concat(axis=1) instead. To get a de-fragmented frame, use `newframe = frame.copy()`
  gk_hills[f"AcH_{insrc_nd}_{tgt_nd}"] = psH(g / k, fld, thr, n)
/home/mi/sommereg03/bsc_thesis_pGRiNS/grins/gen_params.py:546: PerformanceWarning: DataFrame is highly fragmented.  This is usually the result of calling `frame.insert` many times, which has poor performance.  Consider joining all columns at once using pd.concat(axis=1) instead. To get a de-fragmented frame, use `newframe = frame.copy()`
  gk_hills[f"AcH_{insrc_nd}_{tgt_nd}"] = psH(g / k, fld, thr, n)
/home/mi/sommereg03/bsc_thesis_pGRiNS/grins/gen_params.py:546: PerformanceWarning: DataFrame is highly fragmented.  This is usually the result of calling `frame.insert` many times, which has poor performance.  Consider joining all columns at once using pd.concat(axis=1) instead. To get a de-fragmented frame, use `newframe = frame.copy()`
  gk_hills[f"AcH_{insrc_nd}_{tgt_nd}"] = psH(g / k, fld, thr, n)
/home/mi/sommereg03/bsc_thesis_pGRiNS/grins/gen_params.py:546: PerformanceWarning: DataFrame is highly fragmented.  This is usually the result of calling `frame.insert` many times, which has poor performance.  Consider joining all columns at once using pd.concat(axis=1) instead. To get a de-fragmented frame, use `newframe = frame.copy()`
  gk_hills[f"AcH_{insrc_nd}_{tgt_nd}"] = psH(g / k, fld, thr, n)
/home/mi/sommereg03/bsc_thesis_pGRiNS/grins/gen_params.py:546: PerformanceWarning: DataFrame is highly fragmented.  This is usually the result of calling `frame.insert` many times, which has poor performance.  Consider joining all columns at once using pd.concat(axis=1) instead. To get a de-fragmented frame, use `newframe = frame.copy()`
  gk_hills[f"AcH_{insrc_nd}_{tgt_nd}"] = psH(g / k, fld, thr, n)
/home/mi/sommereg03/bsc_thesis_pGRiNS/grins/gen_params.py:546: PerformanceWarning: DataFrame is highly fragmented.  This is usually the result of calling `frame.insert` many times, which has poor performance.  Consider joining all columns at once using pd.concat(axis=1) instead. To get a de-fragmented frame, use `newframe = frame.copy()`
  gk_hills[f"AcH_{insrc_nd}_{tgt_nd}"] = psH(g / k, fld, thr, n)
/home/mi/sommereg03/bsc_thesis_pGRiNS/grins/gen_params.py:546: PerformanceWarning: DataFrame is highly fragmented.  This is usually the result of calling `frame.insert` many times, which has poor performance.  Consider joining all columns at once using pd.concat(axis=1) instead. To get a de-fragmented frame, use `newframe = frame.copy()`
  gk_hills[f"AcH_{insrc_nd}_{tgt_nd}"] = psH(g / k, fld, thr, n)
/home/mi/sommereg03/bsc_thesis_pGRiNS/grins/gen_params.py:546: PerformanceWarning: DataFrame is highly fragmented.  This is usually the result of calling `frame.insert` many times, which has poor performance.  Consider joining all columns at once using pd.concat(axis=1) instead. To get a de-fragmented frame, use `newframe = frame.copy()`
  gk_hills[f"AcH_{insrc_nd}_{tgt_nd}"] = psH(g / k, fld, thr, n)
/home/mi/sommereg03/bsc_thesis_pGRiNS/grins/gen_params.py:546: PerformanceWarning: DataFrame is highly fragmented.  This is usually the result of calling `frame.insert` many times, which has poor performance.  Consider joining all columns at once using pd.concat(axis=1) instead. To get a de-fragmented frame, use `newframe = frame.copy()`
  gk_hills[f"AcH_{insrc_nd}_{tgt_nd}"] = psH(g / k, fld, thr, n)
/home/mi/sommereg03/bsc_thesis_pGRiNS/grins/gen_params.py:546: PerformanceWarning: DataFrame is highly fragmented.  This is usually the result of calling `frame.insert` many times, which has poor performance.  Consider joining all columns at once using pd.concat(axis=1) instead. To get a de-fragmented frame, use `newframe = frame.copy()`
  gk_hills[f"AcH_{insrc_nd}_{tgt_nd}"] = psH(g / k, fld, thr, n)
/home/mi/sommereg03/bsc_thesis_pGRiNS/grins/gen_params.py:546: PerformanceWarning: DataFrame is highly fragmented.  This is usually the result of calling `frame.insert` many times, which has poor performance.  Consider joining all columns at once using pd.concat(axis=1) instead. To get a de-fragmented frame, use `newframe = frame.copy()`
  gk_hills[f"AcH_{insrc_nd}_{tgt_nd}"] = psH(g / k, fld, thr, n)
/home/mi/sommereg03/bsc_thesis_pGRiNS/grins/gen_params.py:546: PerformanceWarning: DataFrame is highly fragmented.  This is usually the result of calling `frame.insert` many times, which has poor performance.  Consider joining all columns at once using pd.concat(axis=1) instead. To get a de-fragmented frame, use `newframe = frame.copy()`
  gk_hills[f"AcH_{insrc_nd}_{tgt_nd}"] = psH(g / k, fld, thr, n)
/home/mi/sommereg03/bsc_thesis_pGRiNS/grins/gen_params.py:546: PerformanceWarning: DataFrame is highly fragmented.  This is usually the result of calling `frame.insert` many times, which has poor performance.  Consider joining all columns at once using pd.concat(axis=1) instead. To get a de-fragmented frame, use `newframe = frame.copy()`
  gk_hills[f"AcH_{insrc_nd}_{tgt_nd}"] = psH(g / k, fld, thr, n)
/home/mi/sommereg03/bsc_thesis_pGRiNS/grins/gen_params.py:546: PerformanceWarning: DataFrame is highly fragmented.  This is usually the result of calling `frame.insert` many times, which has poor performance.  Consider joining all columns at once using pd.concat(axis=1) instead. To get a de-fragmented frame, use `newframe = frame.copy()`
  gk_hills[f"AcH_{insrc_nd}_{tgt_nd}"] = psH(g / k, fld, thr, n)
/home/mi/sommereg03/bsc_thesis_pGRiNS/grins/gen_params.py:546: PerformanceWarning: DataFrame is highly fragmented.  This is usually the result of calling `frame.insert` many times, which has poor performance.  Consider joining all columns at once using pd.concat(axis=1) instead. To get a de-fragmented frame, use `newframe = frame.copy()`
  gk_hills[f"AcH_{insrc_nd}_{tgt_nd}"] = psH(g / k, fld, thr, n)
/home/mi/sommereg03/bsc_thesis_pGRiNS/grins/gen_params.py:546: PerformanceWarning: DataFrame is highly fragmented.  This is usually the result of calling `frame.insert` many times, which has poor performance.  Consider joining all columns at once using pd.concat(axis=1) instead. To get a de-fragmented frame, use `newframe = frame.copy()`
  gk_hills[f"AcH_{insrc_nd}_{tgt_nd}"] = psH(g / k, fld, thr, n)
/home/mi/sommereg03/bsc_thesis_pGRiNS/grins/gen_params.py:546: PerformanceWarning: DataFrame is highly fragmented.  This is usually the result of calling `frame.insert` many times, which has poor performance.  Consider joining all columns at once using pd.concat(axis=1) instead. To get a de-fragmented frame, use `newframe = frame.copy()`
  gk_hills[f"AcH_{insrc_nd}_{tgt_nd}"] = psH(g / k, fld, thr, n)
/home/mi/sommereg03/bsc_thesis_pGRiNS/grins/gen_params.py:546: PerformanceWarning: DataFrame is highly fragmented.  This is usually the result of calling `frame.insert` many times, which has poor performance.  Consider joining all columns at once using pd.concat(axis=1) instead. To get a de-fragmented frame, use `newframe = frame.copy()`
  gk_hills[f"AcH_{insrc_nd}_{tgt_nd}"] = psH(g / k, fld, thr, n)
/home/mi/sommereg03/bsc_thesis_pGRiNS/grins/gen_params.py:553: PerformanceWarning: DataFrame is highly fragmented.  This is usually the result of calling `frame.insert` many times, which has poor performance.  Consider joining all columns at once using pd.concat(axis=1) instead. To get a de-fragmented frame, use `newframe = frame.copy()`
  gk_hills[f"InH_{insrc_nd}_{tgt_nd}"] = nsH(g / k, fld, thr, n)
/home/mi/sommereg03/bsc_thesis_pGRiNS/grins/gen_params.py:546: PerformanceWarning: DataFrame is highly fragmented.  This is usually the result of calling `frame.insert` many times, which has poor performance.  Consider joining all columns at once using pd.concat(axis=1) instead. To get a de-fragmented frame, use `newframe = frame.copy()`
  gk_hills[f"AcH_{insrc_nd}_{tgt_nd}"] = psH(g / k, fld, thr, n)
/home/mi/sommereg03/bsc_thesis_pGRiNS/grins/gen_params.py:546: PerformanceWarning: DataFrame is highly fragmented.  This is usually the result of calling `frame.insert` many times, which has poor performance.  Consider joining all columns at once using pd.concat(axis=1) instead. To get a de-fragmented frame, use `newframe = frame.copy()`
  gk_hills[f"AcH_{insrc_nd}_{tgt_nd}"] = psH(g / k, fld, thr, n)
/home/mi/sommereg03/bsc_thesis_pGRiNS/grins/gen_params.py:546: PerformanceWarning: DataFrame is highly fragmented.  This is usually the result of calling `frame.insert` many times, which has poor performance.  Consider joining all columns at once using pd.concat(axis=1) instead. To get a de-fragmented frame, use `newframe = frame.copy()`
  gk_hills[f"AcH_{insrc_nd}_{tgt_nd}"] = psH(g / k, fld, thr, n)
/home/mi/sommereg03/bsc_thesis_pGRiNS/grins/gen_params.py:546: PerformanceWarning: DataFrame is highly fragmented.  This is usually the result of calling `frame.insert` many times, which has poor performance.  Consider joining all columns at once using pd.concat(axis=1) instead. To get a de-fragmented frame, use `newframe = frame.copy()`
  gk_hills[f"AcH_{insrc_nd}_{tgt_nd}"] = psH(g / k, fld, thr, n)
/home/mi/sommereg03/bsc_thesis_pGRiNS/grins/gen_params.py:546: PerformanceWarning: DataFrame is highly fragmented.  This is usually the result of calling `frame.insert` many times, which has poor performance.  Consider joining all columns at once using pd.concat(axis=1) instead. To get a de-fragmented frame, use `newframe = frame.copy()`
  gk_hills[f"AcH_{insrc_nd}_{tgt_nd}"] = psH(g / k, fld, thr, n)
/home/mi/sommereg03/bsc_thesis_pGRiNS/grins/gen_params.py:546: PerformanceWarning: DataFrame is highly fragmented.  This is usually the result of calling `frame.insert` many times, which has poor performance.  Consider joining all columns at once using pd.concat(axis=1) instead. To get a de-fragmented frame, use `newframe = frame.copy()`
  gk_hills[f"AcH_{insrc_nd}_{tgt_nd}"] = psH(g / k, fld, thr, n)
/home/mi/sommereg03/bsc_thesis_pGRiNS/grins/gen_params.py:546: PerformanceWarning: DataFrame is highly fragmented.  This is usually the result of calling `frame.insert` many times, which has poor performance.  Consider joining all columns at once using pd.concat(axis=1) instead. To get a de-fragmented frame, use `newframe = frame.copy()`
  gk_hills[f"AcH_{insrc_nd}_{tgt_nd}"] = psH(g / k, fld, thr, n)
/home/mi/sommereg03/bsc_thesis_pGRiNS/grins/gen_params.py:546: PerformanceWarning: DataFrame is highly fragmented.  This is usually the result of calling `frame.insert` many times, which has poor performance.  Consider joining all columns at once using pd.concat(axis=1) instead. To get a de-fragmented frame, use `newframe = frame.copy()`
  gk_hills[f"AcH_{insrc_nd}_{tgt_nd}"] = psH(g / k, fld, thr, n)
/home/mi/sommereg03/bsc_thesis_pGRiNS/grins/gen_params.py:546: PerformanceWarning: DataFrame is highly fragmented.  This is usually the result of calling `frame.insert` many times, which has poor performance.  Consider joining all columns at once using pd.concat(axis=1) instead. To get a de-fragmented frame, use `newframe = frame.copy()`
  gk_hills[f"AcH_{insrc_nd}_{tgt_nd}"] = psH(g / k, fld, thr, n)
/home/mi/sommereg03/bsc_thesis_pGRiNS/grins/gen_params.py:546: PerformanceWarning: DataFrame is highly fragmented.  This is usually the result of calling `frame.insert` many times, which has poor performance.  Consider joining all columns at once using pd.concat(axis=1) instead. To get a de-fragmented frame, use `newframe = frame.copy()`
  gk_hills[f"AcH_{insrc_nd}_{tgt_nd}"] = psH(g / k, fld, thr, n)
/home/mi/sommereg03/bsc_thesis_pGRiNS/grins/gen_params.py:553: PerformanceWarning: DataFrame is highly fragmented.  This is usually the result of calling `frame.insert` many times, which has poor performance.  Consider joining all columns at once using pd.concat(axis=1) instead. To get a de-fragmented frame, use `newframe = frame.copy()`
  gk_hills[f"InH_{insrc_nd}_{tgt_nd}"] = nsH(g / k, fld, thr, n)
/home/mi/sommereg03/bsc_thesis_pGRiNS/grins/gen_params.py:546: PerformanceWarning: DataFrame is highly fragmented.  This is usually the result of calling `frame.insert` many times, which has poor performance.  Consider joining all columns at once using pd.concat(axis=1) instead. To get a de-fragmented frame, use `newframe = frame.copy()`
  gk_hills[f"AcH_{insrc_nd}_{tgt_nd}"] = psH(g / k, fld, thr, n)
/home/mi/sommereg03/bsc_thesis_pGRiNS/grins/gen_params.py:546: PerformanceWarning: DataFrame is highly fragmented.  This is usually the result of calling `frame.insert` many times, which has poor performance.  Consider joining all columns at once using pd.concat(axis=1) instead. To get a de-fragmented frame, use `newframe = frame.copy()`
  gk_hills[f"AcH_{insrc_nd}_{tgt_nd}"] = psH(g / k, fld, thr, n)
/home/mi/sommereg03/bsc_thesis_pGRiNS/grins/gen_params.py:546: PerformanceWarning: DataFrame is highly fragmented.  This is usually the result of calling `frame.insert` many times, which has poor performance.  Consider joining all columns at once using pd.concat(axis=1) instead. To get a de-fragmented frame, use `newframe = frame.copy()`
  gk_hills[f"AcH_{insrc_nd}_{tgt_nd}"] = psH(g / k, fld, thr, n)
/home/mi/sommereg03/bsc_thesis_pGRiNS/grins/gen_params.py:546: PerformanceWarning: DataFrame is highly fragmented.  This is usually the result of calling `frame.insert` many times, which has poor performance.  Consider joining all columns at once using pd.concat(axis=1) instead. To get a de-fragmented frame, use `newframe = frame.copy()`
  gk_hills[f"AcH_{insrc_nd}_{tgt_nd}"] = psH(g / k, fld, thr, n)
/home/mi/sommereg03/bsc_thesis_pGRiNS/grins/gen_params.py:546: PerformanceWarning: DataFrame is highly fragmented.  This is usually the result of calling `frame.insert` many times, which has poor performance.  Consider joining all columns at once using pd.concat(axis=1) instead. To get a de-fragmented frame, use `newframe = frame.copy()`
  gk_hills[f"AcH_{insrc_nd}_{tgt_nd}"] = psH(g / k, fld, thr, n)
/home/mi/sommereg03/bsc_thesis_pGRiNS/grins/gen_params.py:546: PerformanceWarning: DataFrame is highly fragmented.  This is usually the result of calling `frame.insert` many times, which has poor performance.  Consider joining all columns at once using pd.concat(axis=1) instead. To get a de-fragmented frame, use `newframe = frame.copy()`
  gk_hills[f"AcH_{insrc_nd}_{tgt_nd}"] = psH(g / k, fld, thr, n)
/home/mi/sommereg03/bsc_thesis_pGRiNS/grins/gen_params.py:546: PerformanceWarning: DataFrame is highly fragmented.  This is usually the result of calling `frame.insert` many times, which has poor performance.  Consider joining all columns at once using pd.concat(axis=1) instead. To get a de-fragmented frame, use `newframe = frame.copy()`
  gk_hills[f"AcH_{insrc_nd}_{tgt_nd}"] = psH(g / k, fld, thr, n)
/home/mi/sommereg03/bsc_thesis_pGRiNS/grins/gen_params.py:546: PerformanceWarning: DataFrame is highly fragmented.  This is usually the result of calling `frame.insert` many times, which has poor performance.  Consider joining all columns at once using pd.concat(axis=1) instead. To get a de-fragmented frame, use `newframe = frame.copy()`
  gk_hills[f"AcH_{insrc_nd}_{tgt_nd}"] = psH(g / k, fld, thr, n)
/home/mi/sommereg03/bsc_thesis_pGRiNS/grins/gen_params.py:546: PerformanceWarning: DataFrame is highly fragmented.  This is usually the result of calling `frame.insert` many times, which has poor performance.  Consider joining all columns at once using pd.concat(axis=1) instead. To get a de-fragmented frame, use `newframe = frame.copy()`
  gk_hills[f"AcH_{insrc_nd}_{tgt_nd}"] = psH(g / k, fld, thr, n)
/home/mi/sommereg03/bsc_thesis_pGRiNS/grins/gen_params.py:546: PerformanceWarning: DataFrame is highly fragmented.  This is usually the result of calling `frame.insert` many times, which has poor performance.  Consider joining all columns at once using pd.concat(axis=1) instead. To get a de-fragmented frame, use `newframe = frame.copy()`
  gk_hills[f"AcH_{insrc_nd}_{tgt_nd}"] = psH(g / k, fld, thr, n)
/home/mi/sommereg03/bsc_thesis_pGRiNS/grins/gen_params.py:553: PerformanceWarning: DataFrame is highly fragmented.  This is usually the result of calling `frame.insert` many times, which has poor performance.  Consider joining all columns at once using pd.concat(axis=1) instead. To get a de-fragmented frame, use `newframe = frame.copy()`
  gk_hills[f"InH_{insrc_nd}_{tgt_nd}"] = nsH(g / k, fld, thr, n)
/home/mi/sommereg03/bsc_thesis_pGRiNS/grins/gen_params.py:546: PerformanceWarning: DataFrame is highly fragmented.  This is usually the result of calling `frame.insert` many times, which has poor performance.  Consider joining all columns at once using pd.concat(axis=1) instead. To get a de-fragmented frame, use `newframe = frame.copy()`
  gk_hills[f"AcH_{insrc_nd}_{tgt_nd}"] = psH(g / k, fld, thr, n)
/home/mi/sommereg03/bsc_thesis_pGRiNS/grins/gen_params.py:546: PerformanceWarning: DataFrame is highly fragmented.  This is usually the result of calling `frame.insert` many times, which has poor performance.  Consider joining all columns at once using pd.concat(axis=1) instead. To get a de-fragmented frame, use `newframe = frame.copy()`
  gk_hills[f"AcH_{insrc_nd}_{tgt_nd}"] = psH(g / k, fld, thr, n)
/home/mi/sommereg03/bsc_thesis_pGRiNS/grins/gen_params.py:546: PerformanceWarning: DataFrame is highly fragmented.  This is usually the result of calling `frame.insert` many times, which has poor performance.  Consider joining all columns at once using pd.concat(axis=1) instead. To get a de-fragmented frame, use `newframe = frame.copy()`
  gk_hills[f"AcH_{insrc_nd}_{tgt_nd}"] = psH(g / k, fld, thr, n)
/home/mi/sommereg03/bsc_thesis_pGRiNS/grins/gen_params.py:546: PerformanceWarning: DataFrame is highly fragmented.  This is usually the result of calling `frame.insert` many times, which has poor performance.  Consider joining all columns at once using pd.concat(axis=1) instead. To get a de-fragmented frame, use `newframe = frame.copy()`
  gk_hills[f"AcH_{insrc_nd}_{tgt_nd}"] = psH(g / k, fld, thr, n)
/home/mi/sommereg03/bsc_thesis_pGRiNS/grins/gen_params.py:546: PerformanceWarning: DataFrame is highly fragmented.  This is usually the result of calling `frame.insert` many times, which has poor performance.  Consider joining all columns at once using pd.concat(axis=1) instead. To get a de-fragmented frame, use `newframe = frame.copy()`
  gk_hills[f"AcH_{insrc_nd}_{tgt_nd}"] = psH(g / k, fld, thr, n)
/home/mi/sommereg03/bsc_thesis_pGRiNS/grins/gen_params.py:553: PerformanceWarning: DataFrame is highly fragmented.  This is usually the result of calling `frame.insert` many times, which has poor performance.  Consider joining all columns at once using pd.concat(axis=1) instead. To get a de-fragmented frame, use `newframe = frame.copy()`
  gk_hills[f"InH_{insrc_nd}_{tgt_nd}"] = nsH(g / k, fld, thr, n)
/home/mi/sommereg03/bsc_thesis_pGRiNS/grins/gen_params.py:553: PerformanceWarning: DataFrame is highly fragmented.  This is usually the result of calling `frame.insert` many times, which has poor performance.  Consider joining all columns at once using pd.concat(axis=1) instead. To get a de-fragmented frame, use `newframe = frame.copy()`
  gk_hills[f"InH_{insrc_nd}_{tgt_nd}"] = nsH(g / k, fld, thr, n)
/home/mi/sommereg03/bsc_thesis_pGRiNS/grins/gen_params.py:546: PerformanceWarning: DataFrame is highly fragmented.  This is usually the result of calling `frame.insert` many times, which has poor performance.  Consider joining all columns at once using pd.concat(axis=1) instead. To get a de-fragmented frame, use `newframe = frame.copy()`
  gk_hills[f"AcH_{insrc_nd}_{tgt_nd}"] = psH(g / k, fld, thr, n)
/home/mi/sommereg03/bsc_thesis_pGRiNS/grins/gen_params.py:553: PerformanceWarning: DataFrame is highly fragmented.  This is usually the result of calling `frame.insert` many times, which has poor performance.  Consider joining all columns at once using pd.concat(axis=1) instead. To get a de-fragmented frame, use `newframe = frame.copy()`
  gk_hills[f"InH_{insrc_nd}_{tgt_nd}"] = nsH(g / k, fld, thr, n)
/home/mi/sommereg03/bsc_thesis_pGRiNS/grins/gen_params.py:546: PerformanceWarning: DataFrame is highly fragmented.  This is usually the result of calling `frame.insert` many times, which has poor performance.  Consider joining all columns at once using pd.concat(axis=1) instead. To get a de-fragmented frame, use `newframe = frame.copy()`
  gk_hills[f"AcH_{insrc_nd}_{tgt_nd}"] = psH(g / k, fld, thr, n)
/home/mi/sommereg03/bsc_thesis_pGRiNS/grins/gen_params.py:546: PerformanceWarning: DataFrame is highly fragmented.  This is usually the result of calling `frame.insert` many times, which has poor performance.  Consider joining all columns at once using pd.concat(axis=1) instead. To get a de-fragmented frame, use `newframe = frame.copy()`
  gk_hills[f"AcH_{insrc_nd}_{tgt_nd}"] = psH(g / k, fld, thr, n)
/home/mi/sommereg03/bsc_thesis_pGRiNS/grins/gen_params.py:546: PerformanceWarning: DataFrame is highly fragmented.  This is usually the result of calling `frame.insert` many times, which has poor performance.  Consider joining all columns at once using pd.concat(axis=1) instead. To get a de-fragmented frame, use `newframe = frame.copy()`
  gk_hills[f"AcH_{insrc_nd}_{tgt_nd}"] = psH(g / k, fld, thr, n)
/home/mi/sommereg03/bsc_thesis_pGRiNS/grins/gen_params.py:546: PerformanceWarning: DataFrame is highly fragmented.  This is usually the result of calling `frame.insert` many times, which has poor performance.  Consider joining all columns at once using pd.concat(axis=1) instead. To get a de-fragmented frame, use `newframe = frame.copy()`
  gk_hills[f"AcH_{insrc_nd}_{tgt_nd}"] = psH(g / k, fld, thr, n)
/home/mi/sommereg03/bsc_thesis_pGRiNS/grins/gen_params.py:546: PerformanceWarning: DataFrame is highly fragmented.  This is usually the result of calling `frame.insert` many times, which has poor performance.  Consider joining all columns at once using pd.concat(axis=1) instead. To get a de-fragmented frame, use `newframe = frame.copy()`
  gk_hills[f"AcH_{insrc_nd}_{tgt_nd}"] = psH(g / k, fld, thr, n)
/home/mi/sommereg03/bsc_thesis_pGRiNS/grins/gen_params.py:546: PerformanceWarning: DataFrame is highly fragmented.  This is usually the result of calling `frame.insert` many times, which has poor performance.  Consider joining all columns at once using pd.concat(axis=1) instead. To get a de-fragmented frame, use `newframe = frame.copy()`
  gk_hills[f"AcH_{insrc_nd}_{tgt_nd}"] = psH(g / k, fld, thr, n)
/home/mi/sommereg03/bsc_thesis_pGRiNS/grins/gen_params.py:546: PerformanceWarning: DataFrame is highly fragmented.  This is usually the result of calling `frame.insert` many times, which has poor performance.  Consider joining all columns at once using pd.concat(axis=1) instead. To get a de-fragmented frame, use `newframe = frame.copy()`
  gk_hills[f"AcH_{insrc_nd}_{tgt_nd}"] = psH(g / k, fld, thr, n)
/home/mi/sommereg03/bsc_thesis_pGRiNS/grins/gen_params.py:546: PerformanceWarning: DataFrame is highly fragmented.  This is usually the result of calling `frame.insert` many times, which has poor performance.  Consider joining all columns at once using pd.concat(axis=1) instead. To get a de-fragmented frame, use `newframe = frame.copy()`
  gk_hills[f"AcH_{insrc_nd}_{tgt_nd}"] = psH(g / k, fld, thr, n)
/home/mi/sommereg03/bsc_thesis_pGRiNS/grins/gen_params.py:546: PerformanceWarning: DataFrame is highly fragmented.  This is usually the result of calling `frame.insert` many times, which has poor performance.  Consider joining all columns at once using pd.concat(axis=1) instead. To get a de-fragmented frame, use `newframe = frame.copy()`
  gk_hills[f"AcH_{insrc_nd}_{tgt_nd}"] = psH(g / k, fld, thr, n)
/home/mi/sommereg03/bsc_thesis_pGRiNS/grins/gen_params.py:546: PerformanceWarning: DataFrame is highly fragmented.  This is usually the result of calling `frame.insert` many times, which has poor performance.  Consider joining all columns at once using pd.concat(axis=1) instead. To get a de-fragmented frame, use `newframe = frame.copy()`
  gk_hills[f"AcH_{insrc_nd}_{tgt_nd}"] = psH(g / k, fld, thr, n)
/home/mi/sommereg03/bsc_thesis_pGRiNS/grins/gen_params.py:546: PerformanceWarning: DataFrame is highly fragmented.  This is usually the result of calling `frame.insert` many times, which has poor performance.  Consider joining all columns at once using pd.concat(axis=1) instead. To get a de-fragmented frame, use `newframe = frame.copy()`
  gk_hills[f"AcH_{insrc_nd}_{tgt_nd}"] = psH(g / k, fld, thr, n)
/home/mi/sommereg03/bsc_thesis_pGRiNS/grins/gen_params.py:553: PerformanceWarning: DataFrame is highly fragmented.  This is usually the result of calling `frame.insert` many times, which has poor performance.  Consider joining all columns at once using pd.concat(axis=1) instead. To get a de-fragmented frame, use `newframe = frame.copy()`
  gk_hills[f"InH_{insrc_nd}_{tgt_nd}"] = nsH(g / k, fld, thr, n)
/home/mi/sommereg03/bsc_thesis_pGRiNS/grins/gen_params.py:546: PerformanceWarning: DataFrame is highly fragmented.  This is usually the result of calling `frame.insert` many times, which has poor performance.  Consider joining all columns at once using pd.concat(axis=1) instead. To get a de-fragmented frame, use `newframe = frame.copy()`
  gk_hills[f"AcH_{insrc_nd}_{tgt_nd}"] = psH(g / k, fld, thr, n)
/home/mi/sommereg03/bsc_thesis_pGRiNS/grins/gen_params.py:546: PerformanceWarning: DataFrame is highly fragmented.  This is usually the result of calling `frame.insert` many times, which has poor performance.  Consider joining all columns at once using pd.concat(axis=1) instead. To get a de-fragmented frame, use `newframe = frame.copy()`
  gk_hills[f"AcH_{insrc_nd}_{tgt_nd}"] = psH(g / k, fld, thr, n)
/home/mi/sommereg03/bsc_thesis_pGRiNS/grins/gen_params.py:546: PerformanceWarning: DataFrame is highly fragmented.  This is usually the result of calling `frame.insert` many times, which has poor performance.  Consider joining all columns at once using pd.concat(axis=1) instead. To get a de-fragmented frame, use `newframe = frame.copy()`
  gk_hills[f"AcH_{insrc_nd}_{tgt_nd}"] = psH(g / k, fld, thr, n)
/home/mi/sommereg03/bsc_thesis_pGRiNS/grins/gen_params.py:546: PerformanceWarning: DataFrame is highly fragmented.  This is usually the result of calling `frame.insert` many times, which has poor performance.  Consider joining all columns at once using pd.concat(axis=1) instead. To get a de-fragmented frame, use `newframe = frame.copy()`
  gk_hills[f"AcH_{insrc_nd}_{tgt_nd}"] = psH(g / k, fld, thr, n)
/home/mi/sommereg03/bsc_thesis_pGRiNS/grins/gen_params.py:546: PerformanceWarning: DataFrame is highly fragmented.  This is usually the result of calling `frame.insert` many times, which has poor performance.  Consider joining all columns at once using pd.concat(axis=1) instead. To get a de-fragmented frame, use `newframe = frame.copy()`
  gk_hills[f"AcH_{insrc_nd}_{tgt_nd}"] = psH(g / k, fld, thr, n)
/home/mi/sommereg03/bsc_thesis_pGRiNS/grins/gen_params.py:546: PerformanceWarning: DataFrame is highly fragmented.  This is usually the result of calling `frame.insert` many times, which has poor performance.  Consider joining all columns at once using pd.concat(axis=1) instead. To get a de-fragmented frame, use `newframe = frame.copy()`
  gk_hills[f"AcH_{insrc_nd}_{tgt_nd}"] = psH(g / k, fld, thr, n)
/home/mi/sommereg03/bsc_thesis_pGRiNS/grins/gen_params.py:546: PerformanceWarning: DataFrame is highly fragmented.  This is usually the result of calling `frame.insert` many times, which has poor performance.  Consider joining all columns at once using pd.concat(axis=1) instead. To get a de-fragmented frame, use `newframe = frame.copy()`
  gk_hills[f"AcH_{insrc_nd}_{tgt_nd}"] = psH(g / k, fld, thr, n)
/home/mi/sommereg03/bsc_thesis_pGRiNS/grins/gen_params.py:546: PerformanceWarning: DataFrame is highly fragmented.  This is usually the result of calling `frame.insert` many times, which has poor performance.  Consider joining all columns at once using pd.concat(axis=1) instead. To get a de-fragmented frame, use `newframe = frame.copy()`
  gk_hills[f"AcH_{insrc_nd}_{tgt_nd}"] = psH(g / k, fld, thr, n)
/home/mi/sommereg03/bsc_thesis_pGRiNS/grins/gen_params.py:546: PerformanceWarning: DataFrame is highly fragmented.  This is usually the result of calling `frame.insert` many times, which has poor performance.  Consider joining all columns at once using pd.concat(axis=1) instead. To get a de-fragmented frame, use `newframe = frame.copy()`
  gk_hills[f"AcH_{insrc_nd}_{tgt_nd}"] = psH(g / k, fld, thr, n)
/home/mi/sommereg03/bsc_thesis_pGRiNS/grins/gen_params.py:546: PerformanceWarning: DataFrame is highly fragmented.  This is usually the result of calling `frame.insert` many times, which has poor performance.  Consider joining all columns at once using pd.concat(axis=1) instead. To get a de-fragmented frame, use `newframe = frame.copy()`
  gk_hills[f"AcH_{insrc_nd}_{tgt_nd}"] = psH(g / k, fld, thr, n)
/home/mi/sommereg03/bsc_thesis_pGRiNS/grins/gen_params.py:546: PerformanceWarning: DataFrame is highly fragmented.  This is usually the result of calling `frame.insert` many times, which has poor performance.  Consider joining all columns at once using pd.concat(axis=1) instead. To get a de-fragmented frame, use `newframe = frame.copy()`
  gk_hills[f"AcH_{insrc_nd}_{tgt_nd}"] = psH(g / k, fld, thr, n)
/home/mi/sommereg03/bsc_thesis_pGRiNS/grins/gen_params.py:546: PerformanceWarning: DataFrame is highly fragmented.  This is usually the result of calling `frame.insert` many times, which has poor performance.  Consider joining all columns at once using pd.concat(axis=1) instead. To get a de-fragmented frame, use `newframe = frame.copy()`
  gk_hills[f"AcH_{insrc_nd}_{tgt_nd}"] = psH(g / k, fld, thr, n)
/home/mi/sommereg03/bsc_thesis_pGRiNS/grins/gen_params.py:546: PerformanceWarning: DataFrame is highly fragmented.  This is usually the result of calling `frame.insert` many times, which has poor performance.  Consider joining all columns at once using pd.concat(axis=1) instead. To get a de-fragmented frame, use `newframe = frame.copy()`
  gk_hills[f"AcH_{insrc_nd}_{tgt_nd}"] = psH(g / k, fld, thr, n)
/home/mi/sommereg03/bsc_thesis_pGRiNS/grins/gen_params.py:553: PerformanceWarning: DataFrame is highly fragmented.  This is usually the result of calling `frame.insert` many times, which has poor performance.  Consider joining all columns at once using pd.concat(axis=1) instead. To get a de-fragmented frame, use `newframe = frame.copy()`
  gk_hills[f"InH_{insrc_nd}_{tgt_nd}"] = nsH(g / k, fld, thr, n)
/home/mi/sommereg03/bsc_thesis_pGRiNS/grins/gen_params.py:546: PerformanceWarning: DataFrame is highly fragmented.  This is usually the result of calling `frame.insert` many times, which has poor performance.  Consider joining all columns at once using pd.concat(axis=1) instead. To get a de-fragmented frame, use `newframe = frame.copy()`
  gk_hills[f"AcH_{insrc_nd}_{tgt_nd}"] = psH(g / k, fld, thr, n)
/home/mi/sommereg03/bsc_thesis_pGRiNS/grins/gen_params.py:546: PerformanceWarning: DataFrame is highly fragmented.  This is usually the result of calling `frame.insert` many times, which has poor performance.  Consider joining all columns at once using pd.concat(axis=1) instead. To get a de-fragmented frame, use `newframe = frame.copy()`
  gk_hills[f"AcH_{insrc_nd}_{tgt_nd}"] = psH(g / k, fld, thr, n)
/home/mi/sommereg03/bsc_thesis_pGRiNS/grins/gen_params.py:546: PerformanceWarning: DataFrame is highly fragmented.  This is usually the result of calling `frame.insert` many times, which has poor performance.  Consider joining all columns at once using pd.concat(axis=1) instead. To get a de-fragmented frame, use `newframe = frame.copy()`
  gk_hills[f"AcH_{insrc_nd}_{tgt_nd}"] = psH(g / k, fld, thr, n)
/home/mi/sommereg03/bsc_thesis_pGRiNS/grins/gen_params.py:546: PerformanceWarning: DataFrame is highly fragmented.  This is usually the result of calling `frame.insert` many times, which has poor performance.  Consider joining all columns at once using pd.concat(axis=1) instead. To get a de-fragmented frame, use `newframe = frame.copy()`
  gk_hills[f"AcH_{insrc_nd}_{tgt_nd}"] = psH(g / k, fld, thr, n)
/home/mi/sommereg03/bsc_thesis_pGRiNS/grins/gen_params.py:546: PerformanceWarning: DataFrame is highly fragmented.  This is usually the result of calling `frame.insert` many times, which has poor performance.  Consider joining all columns at once using pd.concat(axis=1) instead. To get a de-fragmented frame, use `newframe = frame.copy()`
  gk_hills[f"AcH_{insrc_nd}_{tgt_nd}"] = psH(g / k, fld, thr, n)
/home/mi/sommereg03/bsc_thesis_pGRiNS/grins/gen_params.py:546: PerformanceWarning: DataFrame is highly fragmented.  This is usually the result of calling `frame.insert` many times, which has poor performance.  Consider joining all columns at once using pd.concat(axis=1) instead. To get a de-fragmented frame, use `newframe = frame.copy()`
  gk_hills[f"AcH_{insrc_nd}_{tgt_nd}"] = psH(g / k, fld, thr, n)
/home/mi/sommereg03/bsc_thesis_pGRiNS/grins/gen_params.py:546: PerformanceWarning: DataFrame is highly fragmented.  This is usually the result of calling `frame.insert` many times, which has poor performance.  Consider joining all columns at once using pd.concat(axis=1) instead. To get a de-fragmented frame, use `newframe = frame.copy()`
  gk_hills[f"AcH_{insrc_nd}_{tgt_nd}"] = psH(g / k, fld, thr, n)
/home/mi/sommereg03/bsc_thesis_pGRiNS/grins/gen_params.py:546: PerformanceWarning: DataFrame is highly fragmented.  This is usually the result of calling `frame.insert` many times, which has poor performance.  Consider joining all columns at once using pd.concat(axis=1) instead. To get a de-fragmented frame, use `newframe = frame.copy()`
  gk_hills[f"AcH_{insrc_nd}_{tgt_nd}"] = psH(g / k, fld, thr, n)
/home/mi/sommereg03/bsc_thesis_pGRiNS/grins/gen_params.py:546: PerformanceWarning: DataFrame is highly fragmented.  This is usually the result of calling `frame.insert` many times, which has poor performance.  Consider joining all columns at once using pd.concat(axis=1) instead. To get a de-fragmented frame, use `newframe = frame.copy()`
  gk_hills[f"AcH_{insrc_nd}_{tgt_nd}"] = psH(g / k, fld, thr, n)
/home/mi/sommereg03/bsc_thesis_pGRiNS/grins/gen_params.py:546: PerformanceWarning: DataFrame is highly fragmented.  This is usually the result of calling `frame.insert` many times, which has poor performance.  Consider joining all columns at once using pd.concat(axis=1) instead. To get a de-fragmented frame, use `newframe = frame.copy()`
  gk_hills[f"AcH_{insrc_nd}_{tgt_nd}"] = psH(g / k, fld, thr, n)
/home/mi/sommereg03/bsc_thesis_pGRiNS/grins/gen_params.py:546: PerformanceWarning: DataFrame is highly fragmented.  This is usually the result of calling `frame.insert` many times, which has poor performance.  Consider joining all columns at once using pd.concat(axis=1) instead. To get a de-fragmented frame, use `newframe = frame.copy()`
  gk_hills[f"AcH_{insrc_nd}_{tgt_nd}"] = psH(g / k, fld, thr, n)
/home/mi/sommereg03/bsc_thesis_pGRiNS/grins/gen_params.py:546: PerformanceWarning: DataFrame is highly fragmented.  This is usually the result of calling `frame.insert` many times, which has poor performance.  Consider joining all columns at once using pd.concat(axis=1) instead. To get a de-fragmented frame, use `newframe = frame.copy()`
  gk_hills[f"AcH_{insrc_nd}_{tgt_nd}"] = psH(g / k, fld, thr, n)
/home/mi/sommereg03/bsc_thesis_pGRiNS/grins/gen_params.py:546: PerformanceWarning: DataFrame is highly fragmented.  This is usually the result of calling `frame.insert` many times, which has poor performance.  Consider joining all columns at once using pd.concat(axis=1) instead. To get a de-fragmented frame, use `newframe = frame.copy()`
  gk_hills[f"AcH_{insrc_nd}_{tgt_nd}"] = psH(g / k, fld, thr, n)
/home/mi/sommereg03/bsc_thesis_pGRiNS/grins/gen_params.py:546: PerformanceWarning: DataFrame is highly fragmented.  This is usually the result of calling `frame.insert` many times, which has poor performance.  Consider joining all columns at once using pd.concat(axis=1) instead. To get a de-fragmented frame, use `newframe = frame.copy()`
  gk_hills[f"AcH_{insrc_nd}_{tgt_nd}"] = psH(g / k, fld, thr, n)
/home/mi/sommereg03/bsc_thesis_pGRiNS/grins/gen_params.py:546: PerformanceWarning: DataFrame is highly fragmented.  This is usually the result of calling `frame.insert` many times, which has poor performance.  Consider joining all columns at once using pd.concat(axis=1) instead. To get a de-fragmented frame, use `newframe = frame.copy()`
  gk_hills[f"AcH_{insrc_nd}_{tgt_nd}"] = psH(g / k, fld, thr, n)
/home/mi/sommereg03/bsc_thesis_pGRiNS/grins/gen_params.py:546: PerformanceWarning: DataFrame is highly fragmented.  This is usually the result of calling `frame.insert` many times, which has poor performance.  Consider joining all columns at once using pd.concat(axis=1) instead. To get a de-fragmented frame, use `newframe = frame.copy()`
  gk_hills[f"AcH_{insrc_nd}_{tgt_nd}"] = psH(g / k, fld, thr, n)
/home/mi/sommereg03/bsc_thesis_pGRiNS/grins/gen_params.py:546: PerformanceWarning: DataFrame is highly fragmented.  This is usually the result of calling `frame.insert` many times, which has poor performance.  Consider joining all columns at once using pd.concat(axis=1) instead. To get a de-fragmented frame, use `newframe = frame.copy()`
  gk_hills[f"AcH_{insrc_nd}_{tgt_nd}"] = psH(g / k, fld, thr, n)
/home/mi/sommereg03/bsc_thesis_pGRiNS/grins/gen_params.py:546: PerformanceWarning: DataFrame is highly fragmented.  This is usually the result of calling `frame.insert` many times, which has poor performance.  Consider joining all columns at once using pd.concat(axis=1) instead. To get a de-fragmented frame, use `newframe = frame.copy()`
  gk_hills[f"AcH_{insrc_nd}_{tgt_nd}"] = psH(g / k, fld, thr, n)
/home/mi/sommereg03/bsc_thesis_pGRiNS/grins/gen_params.py:553: PerformanceWarning: DataFrame is highly fragmented.  This is usually the result of calling `frame.insert` many times, which has poor performance.  Consider joining all columns at once using pd.concat(axis=1) instead. To get a de-fragmented frame, use `newframe = frame.copy()`
  gk_hills[f"InH_{insrc_nd}_{tgt_nd}"] = nsH(g / k, fld, thr, n)
/home/mi/sommereg03/bsc_thesis_pGRiNS/grins/gen_params.py:546: PerformanceWarning: DataFrame is highly fragmented.  This is usually the result of calling `frame.insert` many times, which has poor performance.  Consider joining all columns at once using pd.concat(axis=1) instead. To get a de-fragmented frame, use `newframe = frame.copy()`
  gk_hills[f"AcH_{insrc_nd}_{tgt_nd}"] = psH(g / k, fld, thr, n)
/home/mi/sommereg03/bsc_thesis_pGRiNS/grins/gen_params.py:546: PerformanceWarning: DataFrame is highly fragmented.  This is usually the result of calling `frame.insert` many times, which has poor performance.  Consider joining all columns at once using pd.concat(axis=1) instead. To get a de-fragmented frame, use `newframe = frame.copy()`
  gk_hills[f"AcH_{insrc_nd}_{tgt_nd}"] = psH(g / k, fld, thr, n)
/home/mi/sommereg03/bsc_thesis_pGRiNS/grins/gen_params.py:546: PerformanceWarning: DataFrame is highly fragmented.  This is usually the result of calling `frame.insert` many times, which has poor performance.  Consider joining all columns at once using pd.concat(axis=1) instead. To get a de-fragmented frame, use `newframe = frame.copy()`
  gk_hills[f"AcH_{insrc_nd}_{tgt_nd}"] = psH(g / k, fld, thr, n)
/home/mi/sommereg03/bsc_thesis_pGRiNS/grins/gen_params.py:546: PerformanceWarning: DataFrame is highly fragmented.  This is usually the result of calling `frame.insert` many times, which has poor performance.  Consider joining all columns at once using pd.concat(axis=1) instead. To get a de-fragmented frame, use `newframe = frame.copy()`
  gk_hills[f"AcH_{insrc_nd}_{tgt_nd}"] = psH(g / k, fld, thr, n)
/home/mi/sommereg03/bsc_thesis_pGRiNS/grins/gen_params.py:546: PerformanceWarning: DataFrame is highly fragmented.  This is usually the result of calling `frame.insert` many times, which has poor performance.  Consider joining all columns at once using pd.concat(axis=1) instead. To get a de-fragmented frame, use `newframe = frame.copy()`
  gk_hills[f"AcH_{insrc_nd}_{tgt_nd}"] = psH(g / k, fld, thr, n)
/home/mi/sommereg03/bsc_thesis_pGRiNS/grins/gen_params.py:546: PerformanceWarning: DataFrame is highly fragmented.  This is usually the result of calling `frame.insert` many times, which has poor performance.  Consider joining all columns at once using pd.concat(axis=1) instead. To get a de-fragmented frame, use `newframe = frame.copy()`
  gk_hills[f"AcH_{insrc_nd}_{tgt_nd}"] = psH(g / k, fld, thr, n)
/home/mi/sommereg03/bsc_thesis_pGRiNS/grins/gen_params.py:546: PerformanceWarning: DataFrame is highly fragmented.  This is usually the result of calling `frame.insert` many times, which has poor performance.  Consider joining all columns at once using pd.concat(axis=1) instead. To get a de-fragmented frame, use `newframe = frame.copy()`
  gk_hills[f"AcH_{insrc_nd}_{tgt_nd}"] = psH(g / k, fld, thr, n)
/home/mi/sommereg03/bsc_thesis_pGRiNS/grins/gen_params.py:546: PerformanceWarning: DataFrame is highly fragmented.  This is usually the result of calling `frame.insert` many times, which has poor performance.  Consider joining all columns at once using pd.concat(axis=1) instead. To get a de-fragmented frame, use `newframe = frame.copy()`
  gk_hills[f"AcH_{insrc_nd}_{tgt_nd}"] = psH(g / k, fld, thr, n)
/home/mi/sommereg03/bsc_thesis_pGRiNS/grins/gen_params.py:546: PerformanceWarning: DataFrame is highly fragmented.  This is usually the result of calling `frame.insert` many times, which has poor performance.  Consider joining all columns at once using pd.concat(axis=1) instead. To get a de-fragmented frame, use `newframe = frame.copy()`
  gk_hills[f"AcH_{insrc_nd}_{tgt_nd}"] = psH(g / k, fld, thr, n)
/home/mi/sommereg03/bsc_thesis_pGRiNS/grins/gen_params.py:546: PerformanceWarning: DataFrame is highly fragmented.  This is usually the result of calling `frame.insert` many times, which has poor performance.  Consider joining all columns at once using pd.concat(axis=1) instead. To get a de-fragmented frame, use `newframe = frame.copy()`
  gk_hills[f"AcH_{insrc_nd}_{tgt_nd}"] = psH(g / k, fld, thr, n)
/home/mi/sommereg03/bsc_thesis_pGRiNS/grins/gen_params.py:546: PerformanceWarning: DataFrame is highly fragmented.  This is usually the result of calling `frame.insert` many times, which has poor performance.  Consider joining all columns at once using pd.concat(axis=1) instead. To get a de-fragmented frame, use `newframe = frame.copy()`
  gk_hills[f"AcH_{insrc_nd}_{tgt_nd}"] = psH(g / k, fld, thr, n)
/home/mi/sommereg03/bsc_thesis_pGRiNS/grins/gen_params.py:546: PerformanceWarning: DataFrame is highly fragmented.  This is usually the result of calling `frame.insert` many times, which has poor performance.  Consider joining all columns at once using pd.concat(axis=1) instead. To get a de-fragmented frame, use `newframe = frame.copy()`
  gk_hills[f"AcH_{insrc_nd}_{tgt_nd}"] = psH(g / k, fld, thr, n)
/home/mi/sommereg03/bsc_thesis_pGRiNS/grins/gen_params.py:546: PerformanceWarning: DataFrame is highly fragmented.  This is usually the result of calling `frame.insert` many times, which has poor performance.  Consider joining all columns at once using pd.concat(axis=1) instead. To get a de-fragmented frame, use `newframe = frame.copy()`
  gk_hills[f"AcH_{insrc_nd}_{tgt_nd}"] = psH(g / k, fld, thr, n)
/home/mi/sommereg03/bsc_thesis_pGRiNS/grins/gen_params.py:546: PerformanceWarning: DataFrame is highly fragmented.  This is usually the result of calling `frame.insert` many times, which has poor performance.  Consider joining all columns at once using pd.concat(axis=1) instead. To get a de-fragmented frame, use `newframe = frame.copy()`
  gk_hills[f"AcH_{insrc_nd}_{tgt_nd}"] = psH(g / k, fld, thr, n)
/home/mi/sommereg03/bsc_thesis_pGRiNS/grins/gen_params.py:546: PerformanceWarning: DataFrame is highly fragmented.  This is usually the result of calling `frame.insert` many times, which has poor performance.  Consider joining all columns at once using pd.concat(axis=1) instead. To get a de-fragmented frame, use `newframe = frame.copy()`
  gk_hills[f"AcH_{insrc_nd}_{tgt_nd}"] = psH(g / k, fld, thr, n)
/home/mi/sommereg03/bsc_thesis_pGRiNS/grins/gen_params.py:546: PerformanceWarning: DataFrame is highly fragmented.  This is usually the result of calling `frame.insert` many times, which has poor performance.  Consider joining all columns at once using pd.concat(axis=1) instead. To get a de-fragmented frame, use `newframe = frame.copy()`
  gk_hills[f"AcH_{insrc_nd}_{tgt_nd}"] = psH(g / k, fld, thr, n)
/home/mi/sommereg03/bsc_thesis_pGRiNS/grins/gen_params.py:553: PerformanceWarning: DataFrame is highly fragmented.  This is usually the result of calling `frame.insert` many times, which has poor performance.  Consider joining all columns at once using pd.concat(axis=1) instead. To get a de-fragmented frame, use `newframe = frame.copy()`
  gk_hills[f"InH_{insrc_nd}_{tgt_nd}"] = nsH(g / k, fld, thr, n)
/home/mi/sommereg03/bsc_thesis_pGRiNS/grins/gen_params.py:546: PerformanceWarning: DataFrame is highly fragmented.  This is usually the result of calling `frame.insert` many times, which has poor performance.  Consider joining all columns at once using pd.concat(axis=1) instead. To get a de-fragmented frame, use `newframe = frame.copy()`
  gk_hills[f"AcH_{insrc_nd}_{tgt_nd}"] = psH(g / k, fld, thr, n)
/home/mi/sommereg03/bsc_thesis_pGRiNS/grins/gen_params.py:546: PerformanceWarning: DataFrame is highly fragmented.  This is usually the result of calling `frame.insert` many times, which has poor performance.  Consider joining all columns at once using pd.concat(axis=1) instead. To get a de-fragmented frame, use `newframe = frame.copy()`
  gk_hills[f"AcH_{insrc_nd}_{tgt_nd}"] = psH(g / k, fld, thr, n)
/home/mi/sommereg03/bsc_thesis_pGRiNS/grins/gen_params.py:546: PerformanceWarning: DataFrame is highly fragmented.  This is usually the result of calling `frame.insert` many times, which has poor performance.  Consider joining all columns at once using pd.concat(axis=1) instead. To get a de-fragmented frame, use `newframe = frame.copy()`
  gk_hills[f"AcH_{insrc_nd}_{tgt_nd}"] = psH(g / k, fld, thr, n)
/home/mi/sommereg03/bsc_thesis_pGRiNS/grins/gen_params.py:546: PerformanceWarning: DataFrame is highly fragmented.  This is usually the result of calling `frame.insert` many times, which has poor performance.  Consider joining all columns at once using pd.concat(axis=1) instead. To get a de-fragmented frame, use `newframe = frame.copy()`
  gk_hills[f"AcH_{insrc_nd}_{tgt_nd}"] = psH(g / k, fld, thr, n)
/home/mi/sommereg03/bsc_thesis_pGRiNS/grins/gen_params.py:553: PerformanceWarning: DataFrame is highly fragmented.  This is usually the result of calling `frame.insert` many times, which has poor performance.  Consider joining all columns at once using pd.concat(axis=1) instead. To get a de-fragmented frame, use `newframe = frame.copy()`
  gk_hills[f"InH_{insrc_nd}_{tgt_nd}"] = nsH(g / k, fld, thr, n)
/home/mi/sommereg03/bsc_thesis_pGRiNS/grins/gen_params.py:546: PerformanceWarning: DataFrame is highly fragmented.  This is usually the result of calling `frame.insert` many times, which has poor performance.  Consider joining all columns at once using pd.concat(axis=1) instead. To get a de-fragmented frame, use `newframe = frame.copy()`
  gk_hills[f"AcH_{insrc_nd}_{tgt_nd}"] = psH(g / k, fld, thr, n)
/home/mi/sommereg03/bsc_thesis_pGRiNS/grins/gen_params.py:546: PerformanceWarning: DataFrame is highly fragmented.  This is usually the result of calling `frame.insert` many times, which has poor performance.  Consider joining all columns at once using pd.concat(axis=1) instead. To get a de-fragmented frame, use `newframe = frame.copy()`
  gk_hills[f"AcH_{insrc_nd}_{tgt_nd}"] = psH(g / k, fld, thr, n)
/home/mi/sommereg03/bsc_thesis_pGRiNS/grins/gen_params.py:546: PerformanceWarning: DataFrame is highly fragmented.  This is usually the result of calling `frame.insert` many times, which has poor performance.  Consider joining all columns at once using pd.concat(axis=1) instead. To get a de-fragmented frame, use `newframe = frame.copy()`
  gk_hills[f"AcH_{insrc_nd}_{tgt_nd}"] = psH(g / k, fld, thr, n)
/home/mi/sommereg03/bsc_thesis_pGRiNS/grins/gen_params.py:546: PerformanceWarning: DataFrame is highly fragmented.  This is usually the result of calling `frame.insert` many times, which has poor performance.  Consider joining all columns at once using pd.concat(axis=1) instead. To get a de-fragmented frame, use `newframe = frame.copy()`
  gk_hills[f"AcH_{insrc_nd}_{tgt_nd}"] = psH(g / k, fld, thr, n)
/home/mi/sommereg03/bsc_thesis_pGRiNS/grins/gen_params.py:546: PerformanceWarning: DataFrame is highly fragmented.  This is usually the result of calling `frame.insert` many times, which has poor performance.  Consider joining all columns at once using pd.concat(axis=1) instead. To get a de-fragmented frame, use `newframe = frame.copy()`
  gk_hills[f"AcH_{insrc_nd}_{tgt_nd}"] = psH(g / k, fld, thr, n)
/home/mi/sommereg03/bsc_thesis_pGRiNS/grins/gen_params.py:546: PerformanceWarning: DataFrame is highly fragmented.  This is usually the result of calling `frame.insert` many times, which has poor performance.  Consider joining all columns at once using pd.concat(axis=1) instead. To get a de-fragmented frame, use `newframe = frame.copy()`
  gk_hills[f"AcH_{insrc_nd}_{tgt_nd}"] = psH(g / k, fld, thr, n)
/home/mi/sommereg03/bsc_thesis_pGRiNS/grins/gen_params.py:546: PerformanceWarning: DataFrame is highly fragmented.  This is usually the result of calling `frame.insert` many times, which has poor performance.  Consider joining all columns at once using pd.concat(axis=1) instead. To get a de-fragmented frame, use `newframe = frame.copy()`
  gk_hills[f"AcH_{insrc_nd}_{tgt_nd}"] = psH(g / k, fld, thr, n)
/home/mi/sommereg03/bsc_thesis_pGRiNS/grins/gen_params.py:553: PerformanceWarning: DataFrame is highly fragmented.  This is usually the result of calling `frame.insert` many times, which has poor performance.  Consider joining all columns at once using pd.concat(axis=1) instead. To get a de-fragmented frame, use `newframe = frame.copy()`
  gk_hills[f"InH_{insrc_nd}_{tgt_nd}"] = nsH(g / k, fld, thr, n)
/home/mi/sommereg03/bsc_thesis_pGRiNS/grins/gen_params.py:546: PerformanceWarning: DataFrame is highly fragmented.  This is usually the result of calling `frame.insert` many times, which has poor performance.  Consider joining all columns at once using pd.concat(axis=1) instead. To get a de-fragmented frame, use `newframe = frame.copy()`
  gk_hills[f"AcH_{insrc_nd}_{tgt_nd}"] = psH(g / k, fld, thr, n)
/home/mi/sommereg03/bsc_thesis_pGRiNS/grins/gen_params.py:546: PerformanceWarning: DataFrame is highly fragmented.  This is usually the result of calling `frame.insert` many times, which has poor performance.  Consider joining all columns at once using pd.concat(axis=1) instead. To get a de-fragmented frame, use `newframe = frame.copy()`
  gk_hills[f"AcH_{insrc_nd}_{tgt_nd}"] = psH(g / k, fld, thr, n)
Parameter and Intial Condition files generated for doro_abcde
Generating parameters for sinks...
['Data/SimulResults_Racipe/doro_abcde/001/']
Loading ODE system from: Data/SimulResults_Racipe/doro_abcde
Number of combinations to simulate: 100000
Running steady state simulations for replicate: 001
  0%|          | 0/10 [00:00<?, ?it/s]